
Due to MODULEPATH changes, the following have been reloaded:
  1) fftw/3.3.10_openmp_True     2) gromacs/2024.3     3) plumed/2.9.3


Currently Loaded Modules:
  1) slurm/current                   17) libpng/1.6.39
  2) DefaultModules                  18) python-venv/1.0
  3) 2025                            19) py-pybind11/2.13.5
  4) gcc-runtime/13.3.0              20) py-contourpy/1.3.0
  5) glibc/2.28                      21) py-cycler/0.11.0
  6) hwloc/2.11.1                    22) py-fonttools/4.39.4
  7) openblas/0.3.28_threads_openmp  23) py-kiwisolver/1.4.5
  8) gsl/2.8                         24) py-packaging/24.1
  9) zlib/1.2.13                     25) libjpeg-turbo/3.0.3
 10) openmpi/4.1.7                   26) py-pillow/11.0.0
 11) fftw/3.3.10_openmp_True         27) py-pyparsing/3.1.2
 12) plumed/2.9.3                    28) py-six/1.16.0
 13) cuda/11.6                       29) py-python-dateutil/2.8.2
 14) gromacs/2024.3                  30) qhull/2020.2
 15) python/3.11.9                   31) py-matplotlib/3.9.2
 16) freetype/2.13.2                 32) py-numpy/1.26.4

 

============= Downsizing and Exporting trajectory =============
/cm/local/apps/slurm/var/spool/job8678414/slurm_script: line 80: gmx: command not found
