
Due to MODULEPATH changes, the following have been reloaded:
  1) fftw/3.3.10_openmp_False


Currently Loaded Modules:
  1) slurm/current                    8) zlib/1.2.13
  2) DefaultModules                   9) hwloc/2.9.1
  3) gcc/11.3.0                      10) openmpi/4.1.6
  4) 2024r1                          11) fftw/3.3.10_openmp_False
  5) python/3.10.12                  12) plumed/2.8.0
  6) openblas/0.3.24_threads_openmp  13) gromacs/2020.6
  7) gsl/2.7.1

 

Setting up HREX-MD with GROMACS and PLUMED
Removed position restraints from topol_prod.top.
               :-) GROMACS - gmx grompp, 2020.6-PLUMED-spack (-:

                            GROMACS is written by:
     Emile Apol      Rossen Apostolov      Paul Bauer     Herman J.C. Berendsen
    Par Bjelkmar      Christian Blau   Viacheslav Bolnykh     Kevin Boyd    
 Aldert van Buuren   Rudi van Drunen     Anton Feenstra       Alan Gray     
  Gerrit Groenhof     Anca Hamuraru    Vincent Hindriksen  M. Eric Irrgang  
  Aleksei Iupinov   Christoph Junghans     Joe Jordan     Dimitrios Karkoulis
    Peter Kasson        Jiri Kraus      Carsten Kutzner      Per Larsson    
  Justin A. Lemkul    Viveca Lindahl    Magnus Lundborg     Erik Marklund   
    Pascal Merz     Pieter Meulenhoff    Teemu Murtola       Szilard Pall   
    Sander Pronk      Roland Schulz      Michael Shirts    Alexey Shvetsov  
   Alfons Sijbers     Peter Tieleman      Jon Vincent      Teemu Virolainen 
 Christian Wennberg    Maarten Wolf      Artem Zhmurov   
                           and the project leaders:
        Mark Abraham, Berk Hess, Erik Lindahl, and David van der Spoel

Copyright (c) 1991-2000, University of Groningen, The Netherlands.
Copyright (c) 2001-2019, The GROMACS development team at
Uppsala University, Stockholm University and
the Royal Institute of Technology, Sweden.
check out http://www.gromacs.org for more information.

GROMACS is free software; you can redistribute it and/or modify it
under the terms of the GNU Lesser General Public License
as published by the Free Software Foundation; either version 2.1
of the License, or (at your option) any later version.

GROMACS:      gmx grompp, version 2020.6-PLUMED-spack
Executable:   /home/blueschmitz/spack/opt/spack/linux-rhel8-cascadelake/gcc-11.3.0/gromacs-2020.6-lp4hfown6wui4otvwejsbjlumqjnmgiq/bin/gmx_mpi
Data prefix:  /home/blueschmitz/spack/opt/spack/linux-rhel8-cascadelake/gcc-11.3.0/gromacs-2020.6-lp4hfown6wui4otvwejsbjlumqjnmgiq
Working dir:  /scratch/blueschmitz/Watching-enzymes-wiggle/MD_simulations/projects/5EKY_monomeric/outputs/6_HREX
Command line:
  gmx_mpi grompp -f ../../../../mdp_templates/tempering.mdp -c npt_5.gro -p topol_prod.top -pp processed.top -o dummy.tpr -r npt_5.gro -maxwarn 2

Setting the LD random seed to -99156481

Back Off! I just backed up processed.top to ./#processed.top.2#
Generated 2211 of the 2211 non-bonded parameter combinations
Generating 1-4 interactions: fudge = 0.5
Generated 2211 of the 2211 1-4 parameter combinations
Excluding 3 bonded neighbours molecule type 'Protein_chain_A'
Excluding 2 bonded neighbours molecule type 'SOL'
Excluding 1 bonded neighbours molecule type 'NA'

NOTE 1 [file topol_prod.top, line 37475]:
  For energy conservation with LINCS, lincs_iter should be 2 or larger.


Number of degrees of freedom in T-Coupling group rest is 131823.00

NOTE 2 [file ../../../../mdp_templates/tempering.mdp]:
  NVE simulation: will use the initial temperature of 297.551 K for
  determining the Verlet buffer size

Estimate for the relative computational load of the PME mesh part: 0.35

There were 2 notes

Back Off! I just backed up dummy.tpr to ./#dummy.tpr.2#

GROMACS reminds you: "If you thought that science was certain - well, that is just an error on your part." (Richard Feynman)

turning H bonds into constraints...
turning H bonds into constraints...
turning H bonds into constraints...
Analysing residue names:
There are:   259    Protein residues
There are: 20337      Water residues
There are:     7        Ion residues
Analysing Protein...
Analysing residues not classified as Protein/DNA/RNA/Water and splitting into groups...
Determining Verlet buffer for a tolerance of 0.005 kJ/mol/ps at 297.551 K
Calculated rlist for 1x1 atom pair-list as 1.034 nm, buffer size 0.034 nm
Set rlist, assuming 4x4 atom pair-list, to 1.000 nm, buffer size 0.000 nm
Note that mdrun will redetermine rlist based on the actual pair-list setup
Calculating fourier grid dimensions for X Y Z
Using a fourier grid of 80x80x80, spacing 0.108 0.108 0.108
This run will generate roughly 5 Mb of data
Generated self-contained processed.top without position restraints.
Generated processed_scaled.top with selected residues for scaling.
WARNING: I cannot find /home/blueschmitz/spack/opt/spack/linux-rhel8-cascadelake/gcc-11.3.0/plumed-2.8.0-zonujmgbsghhue6cksmiwoem33t3mgax/patches/ directory. Set PLUMED_ROOT or reinstall PLUMED

ERROR: unknown command /home/blueschmitz/spack/opt/spack/linux-rhel8-cascadelake/gcc-11.3.0/plumed-2.8.0-zonujmgbsghhue6cksmiwoem33t3mgax/lib/plumed/scripts/partial_tempering.sh. Use 'plumed help' for help
