
Due to MODULEPATH changes, the following have been reloaded:
  1) fftw/3.3.10_openmp_False


Currently Loaded Modules:
  1) slurm/current                    8) zlib/1.2.13
  2) DefaultModules                   9) hwloc/2.9.1
  3) gcc/11.3.0                      10) openmpi/4.1.6
  4) 2024r1                          11) fftw/3.3.10_openmp_False
  5) python/3.10.12                  12) plumed/2.8.0
  6) openblas/0.3.24_threads_openmp  13) gromacs/2020.6
  7) gsl/2.7.1

 

Setting up HREX-MD with GROMACS and PLUMED
Removed position restraints from topol_prod.top.
               :-) GROMACS - gmx grompp, 2020.6-PLUMED-spack (-:

                            GROMACS is written by:
     Emile Apol      Rossen Apostolov      Paul Bauer     Herman J.C. Berendsen
    Par Bjelkmar      Christian Blau   Viacheslav Bolnykh     Kevin Boyd    
 Aldert van Buuren   Rudi van Drunen     Anton Feenstra       Alan Gray     
  Gerrit Groenhof     Anca Hamuraru    Vincent Hindriksen  M. Eric Irrgang  
  Aleksei Iupinov   Christoph Junghans     Joe Jordan     Dimitrios Karkoulis
    Peter Kasson        Jiri Kraus      Carsten Kutzner      Per Larsson    
  Justin A. Lemkul    Viveca Lindahl    Magnus Lundborg     Erik Marklund   
    Pascal Merz     Pieter Meulenhoff    Teemu Murtola       Szilard Pall   
    Sander Pronk      Roland Schulz      Michael Shirts    Alexey Shvetsov  
   Alfons Sijbers     Peter Tieleman      Jon Vincent      Teemu Virolainen 
 Christian Wennberg    Maarten Wolf      Artem Zhmurov   
                           and the project leaders:
        Mark Abraham, Berk Hess, Erik Lindahl, and David van der Spoel

Copyright (c) 1991-2000, University of Groningen, The Netherlands.
Copyright (c) 2001-2019, The GROMACS development team at
Uppsala University, Stockholm University and
the Royal Institute of Technology, Sweden.
check out http://www.gromacs.org for more information.

GROMACS is free software; you can redistribute it and/or modify it
under the terms of the GNU Lesser General Public License
as published by the Free Software Foundation; either version 2.1
of the License, or (at your option) any later version.

GROMACS:      gmx grompp, version 2020.6-PLUMED-spack
Executable:   /home/blueschmitz/spack/opt/spack/linux-rhel8-cascadelake/gcc-11.3.0/gromacs-2020.6-lp4hfown6wui4otvwejsbjlumqjnmgiq/bin/gmx_mpi
Data prefix:  /home/blueschmitz/spack/opt/spack/linux-rhel8-cascadelake/gcc-11.3.0/gromacs-2020.6-lp4hfown6wui4otvwejsbjlumqjnmgiq
Working dir:  /scratch/blueschmitz/Watching-enzymes-wiggle/MD_simulations/projects/5EKY_monomeric/outputs/6_HREX
Command line:
  gmx_mpi grompp -f ../../../../mdp_templates/tempering.mdp -c npt_5.gro -p topol_prod.top -pp processed.top -o dummy.tpr -r npt_5.gro -maxwarn 2

Setting the LD random seed to -816218825

Back Off! I just backed up processed.top to ./#processed.top.6#
Generated 2211 of the 2211 non-bonded parameter combinations
Generating 1-4 interactions: fudge = 0.5
Generated 2211 of the 2211 1-4 parameter combinations
Excluding 3 bonded neighbours molecule type 'Protein_chain_A'
Excluding 2 bonded neighbours molecule type 'SOL'
Excluding 1 bonded neighbours molecule type 'NA'

NOTE 1 [file topol_prod.top, line 37475]:
  For energy conservation with LINCS, lincs_iter should be 2 or larger.


Number of degrees of freedom in T-Coupling group rest is 131823.00

NOTE 2 [file ../../../../mdp_templates/tempering.mdp]:
  NVE simulation: will use the initial temperature of 297.551 K for
  determining the Verlet buffer size

Estimate for the relative computational load of the PME mesh part: 0.35

There were 2 notes

Back Off! I just backed up dummy.tpr to ./#dummy.tpr.6#

GROMACS reminds you: "This really is a pretty scene, could you ask your kid to smile please?" (Joe Jackson)

turning H bonds into constraints...
turning H bonds into constraints...
turning H bonds into constraints...
Analysing residue names:
There are:   259    Protein residues
There are: 20337      Water residues
There are:     7        Ion residues
Analysing Protein...
Analysing residues not classified as Protein/DNA/RNA/Water and splitting into groups...
Determining Verlet buffer for a tolerance of 0.005 kJ/mol/ps at 297.551 K
Calculated rlist for 1x1 atom pair-list as 1.034 nm, buffer size 0.034 nm
Set rlist, assuming 4x4 atom pair-list, to 1.000 nm, buffer size 0.000 nm
Note that mdrun will redetermine rlist based on the actual pair-list setup
Calculating fourier grid dimensions for X Y Z
Using a fourier grid of 80x80x80, spacing 0.108 0.108 0.108
This run will generate roughly 5 Mb of data
Generated self-contained processed.top without position restraints.
Generated processed_scaled.top with selected residues for scaling.
Generated scaled_1.00.top in ./rep1.00 with scaling factor 1.00.
               :-) GROMACS - gmx grompp, 2020.6-PLUMED-spack (-:

                            GROMACS is written by:
     Emile Apol      Rossen Apostolov      Paul Bauer     Herman J.C. Berendsen
    Par Bjelkmar      Christian Blau   Viacheslav Bolnykh     Kevin Boyd    
 Aldert van Buuren   Rudi van Drunen     Anton Feenstra       Alan Gray     
  Gerrit Groenhof     Anca Hamuraru    Vincent Hindriksen  M. Eric Irrgang  
  Aleksei Iupinov   Christoph Junghans     Joe Jordan     Dimitrios Karkoulis
    Peter Kasson        Jiri Kraus      Carsten Kutzner      Per Larsson    
  Justin A. Lemkul    Viveca Lindahl    Magnus Lundborg     Erik Marklund   
    Pascal Merz     Pieter Meulenhoff    Teemu Murtola       Szilard Pall   
    Sander Pronk      Roland Schulz      Michael Shirts    Alexey Shvetsov  
   Alfons Sijbers     Peter Tieleman      Jon Vincent      Teemu Virolainen 
 Christian Wennberg    Maarten Wolf      Artem Zhmurov   
                           and the project leaders:
        Mark Abraham, Berk Hess, Erik Lindahl, and David van der Spoel

Copyright (c) 1991-2000, University of Groningen, The Netherlands.
Copyright (c) 2001-2019, The GROMACS development team at
Uppsala University, Stockholm University and
the Royal Institute of Technology, Sweden.
check out http://www.gromacs.org for more information.

GROMACS is free software; you can redistribute it and/or modify it
under the terms of the GNU Lesser General Public License
as published by the Free Software Foundation; either version 2.1
of the License, or (at your option) any later version.

GROMACS:      gmx grompp, version 2020.6-PLUMED-spack
Executable:   /home/blueschmitz/spack/opt/spack/linux-rhel8-cascadelake/gcc-11.3.0/gromacs-2020.6-lp4hfown6wui4otvwejsbjlumqjnmgiq/bin/gmx_mpi
Data prefix:  /home/blueschmitz/spack/opt/spack/linux-rhel8-cascadelake/gcc-11.3.0/gromacs-2020.6-lp4hfown6wui4otvwejsbjlumqjnmgiq
Working dir:  /scratch/blueschmitz/Watching-enzymes-wiggle/MD_simulations/projects/5EKY_monomeric/outputs/6_HREX/rep1.00
Command line:
  gmx_mpi grompp -f ../../../../../mdp_templates/hrex.mdp -c ../npt_5.gro -p scaled_1.00.top -o topol.tpr -maxwarn 1

Ignoring obsolete mdp entry 'ns_type'
Setting the LD random seed to -1109393865
Generated 8778 of the 8778 non-bonded parameter combinations
Generating 1-4 interactions: fudge = 0.5
Generated 8778 of the 8778 1-4 parameter combinations
Excluding 3 bonded neighbours molecule type 'Protein_chain_A'
Excluding 2 bonded neighbours molecule type 'SOL'
Excluding 1 bonded neighbours molecule type 'NA'
Number of degrees of freedom in T-Coupling group Protein is 9782.78
Number of degrees of freedom in T-Coupling group non-Protein is 122040.22
Estimate for the relative computational load of the PME mesh part: 0.28

NOTE 1 [file ../../../../../mdp_templates/hrex.mdp]:
  This run will generate roughly 14490 Mb of data


There was 1 note

Back Off! I just backed up topol.tpr to ./#topol.tpr.1#

GROMACS reminds you: "Hmm, It *Does* Go Well With the Chicken" (Beastie Boys)

turning H bonds into constraints...
turning H bonds into constraints...
turning H bonds into constraints...
Analysing residue names:
There are:   259    Protein residues
There are: 20337      Water residues
There are:     7        Ion residues
Analysing Protein...
Analysing residues not classified as Protein/DNA/RNA/Water and splitting into groups...
Determining Verlet buffer for a tolerance of 0.005 kJ/mol/ps at 298 K
Calculated rlist for 1x1 atom pair-list as 1.034 nm, buffer size 0.034 nm
Set rlist, assuming 4x4 atom pair-list, to 1.000 nm, buffer size 0.000 nm
Note that mdrun will redetermine rlist based on the actual pair-list setup
Calculating fourier grid dimensions for X Y Z
Using a fourier grid of 56x56x56, spacing 0.155 0.155 0.155
Generated topol.tpr from scaled_1.00.top in ./rep1.00.
Generated scaled_0.95.top in ./rep0.95 with scaling factor 0.95.
               :-) GROMACS - gmx grompp, 2020.6-PLUMED-spack (-:

                            GROMACS is written by:
     Emile Apol      Rossen Apostolov      Paul Bauer     Herman J.C. Berendsen
    Par Bjelkmar      Christian Blau   Viacheslav Bolnykh     Kevin Boyd    
 Aldert van Buuren   Rudi van Drunen     Anton Feenstra       Alan Gray     
  Gerrit Groenhof     Anca Hamuraru    Vincent Hindriksen  M. Eric Irrgang  
  Aleksei Iupinov   Christoph Junghans     Joe Jordan     Dimitrios Karkoulis
    Peter Kasson        Jiri Kraus      Carsten Kutzner      Per Larsson    
  Justin A. Lemkul    Viveca Lindahl    Magnus Lundborg     Erik Marklund   
    Pascal Merz     Pieter Meulenhoff    Teemu Murtola       Szilard Pall   
    Sander Pronk      Roland Schulz      Michael Shirts    Alexey Shvetsov  
   Alfons Sijbers     Peter Tieleman      Jon Vincent      Teemu Virolainen 
 Christian Wennberg    Maarten Wolf      Artem Zhmurov   
                           and the project leaders:
        Mark Abraham, Berk Hess, Erik Lindahl, and David van der Spoel

Copyright (c) 1991-2000, University of Groningen, The Netherlands.
Copyright (c) 2001-2019, The GROMACS development team at
Uppsala University, Stockholm University and
the Royal Institute of Technology, Sweden.
check out http://www.gromacs.org for more information.

GROMACS is free software; you can redistribute it and/or modify it
under the terms of the GNU Lesser General Public License
as published by the Free Software Foundation; either version 2.1
of the License, or (at your option) any later version.

GROMACS:      gmx grompp, version 2020.6-PLUMED-spack
Executable:   /home/blueschmitz/spack/opt/spack/linux-rhel8-cascadelake/gcc-11.3.0/gromacs-2020.6-lp4hfown6wui4otvwejsbjlumqjnmgiq/bin/gmx_mpi
Data prefix:  /home/blueschmitz/spack/opt/spack/linux-rhel8-cascadelake/gcc-11.3.0/gromacs-2020.6-lp4hfown6wui4otvwejsbjlumqjnmgiq
Working dir:  /scratch/blueschmitz/Watching-enzymes-wiggle/MD_simulations/projects/5EKY_monomeric/outputs/6_HREX/rep0.95
Command line:
  gmx_mpi grompp -f ../../../../../mdp_templates/hrex.mdp -c ../npt_5.gro -p scaled_0.95.top -o topol.tpr -maxwarn 1

Ignoring obsolete mdp entry 'ns_type'
Setting the LD random seed to -1077937164
Generated 8778 of the 8778 non-bonded parameter combinations
Generating 1-4 interactions: fudge = 0.5
Generated 8778 of the 8778 1-4 parameter combinations
Excluding 3 bonded neighbours molecule type 'Protein_chain_A'
Excluding 2 bonded neighbours molecule type 'SOL'
Excluding 1 bonded neighbours molecule type 'NA'

NOTE 1 [file scaled_0.95.top, line 51995]:
  System has non-zero total charge: 0.101283
  Total charge should normally be an integer. See
  http://www.gromacs.org/Documentation/Floating_Point_Arithmetic
  for discussion on how close it should be to an integer.
  



WARNING 1 [file scaled_0.95.top, line 51995]:
  You are using Ewald electrostatics in a system with net charge. This can
  lead to severe artifacts, such as ions moving into regions with low
  dielectric, due to the uniform background charge. We suggest to
  neutralize your system with counter ions, possibly in combination with a
  physiological salt concentration.

turning H bonds into constraints...
turning H bonds into constraints...
turning H bonds into constraints...

++++ PLEASE READ AND CITE THE FOLLOWING REFERENCE ++++
J. S. Hub, B. L. de Groot, H. Grubmueller, G. Groenhof
Quantifying Artifacts in Ewald Simulations of Inhomogeneous Systems with a Net
Charge
J. Chem. Theory Comput. 10 (2014) pp. 381-393
-------- -------- --- Thank You --- -------- --------

Number of degrees of freedom in T-Coupling group Protein is 9782.78
Number of degrees of freedom in T-Coupling group non-Protein is 122040.22
Estimate for the relative computational load of the PME mesh part: 0.28

NOTE 2 [file ../../../../../mdp_templates/hrex.mdp]:
  This run will generate roughly 14490 Mb of data


There were 2 notes

There was 1 warning

GROMACS reminds you: "If it weren't for C, we'd all be programming in BASI and OBOL." (Anonymous)

Analysing residue names:
There are:   259    Protein residues
There are: 20337      Water residues
There are:     7        Ion residues
Analysing Protein...
Analysing residues not classified as Protein/DNA/RNA/Water and splitting into groups...
Determining Verlet buffer for a tolerance of 0.005 kJ/mol/ps at 298 K
Calculated rlist for 1x1 atom pair-list as 1.034 nm, buffer size 0.034 nm
Set rlist, assuming 4x4 atom pair-list, to 1.000 nm, buffer size 0.000 nm
Note that mdrun will redetermine rlist based on the actual pair-list setup
Calculating fourier grid dimensions for X Y Z
Using a fourier grid of 56x56x56, spacing 0.155 0.155 0.155
Generated topol.tpr from scaled_0.95.top in ./rep0.95.
Generated scaled_0.91.top in ./rep0.91 with scaling factor 0.91.
               :-) GROMACS - gmx grompp, 2020.6-PLUMED-spack (-:

                            GROMACS is written by:
     Emile Apol      Rossen Apostolov      Paul Bauer     Herman J.C. Berendsen
    Par Bjelkmar      Christian Blau   Viacheslav Bolnykh     Kevin Boyd    
 Aldert van Buuren   Rudi van Drunen     Anton Feenstra       Alan Gray     
  Gerrit Groenhof     Anca Hamuraru    Vincent Hindriksen  M. Eric Irrgang  
  Aleksei Iupinov   Christoph Junghans     Joe Jordan     Dimitrios Karkoulis
    Peter Kasson        Jiri Kraus      Carsten Kutzner      Per Larsson    
  Justin A. Lemkul    Viveca Lindahl    Magnus Lundborg     Erik Marklund   
    Pascal Merz     Pieter Meulenhoff    Teemu Murtola       Szilard Pall   
    Sander Pronk      Roland Schulz      Michael Shirts    Alexey Shvetsov  
   Alfons Sijbers     Peter Tieleman      Jon Vincent      Teemu Virolainen 
 Christian Wennberg    Maarten Wolf      Artem Zhmurov   
                           and the project leaders:
        Mark Abraham, Berk Hess, Erik Lindahl, and David van der Spoel

Copyright (c) 1991-2000, University of Groningen, The Netherlands.
Copyright (c) 2001-2019, The GROMACS development team at
Uppsala University, Stockholm University and
the Royal Institute of Technology, Sweden.
check out http://www.gromacs.org for more information.

GROMACS is free software; you can redistribute it and/or modify it
under the terms of the GNU Lesser General Public License
as published by the Free Software Foundation; either version 2.1
of the License, or (at your option) any later version.

GROMACS:      gmx grompp, version 2020.6-PLUMED-spack
Executable:   /home/blueschmitz/spack/opt/spack/linux-rhel8-cascadelake/gcc-11.3.0/gromacs-2020.6-lp4hfown6wui4otvwejsbjlumqjnmgiq/bin/gmx_mpi
Data prefix:  /home/blueschmitz/spack/opt/spack/linux-rhel8-cascadelake/gcc-11.3.0/gromacs-2020.6-lp4hfown6wui4otvwejsbjlumqjnmgiq
Working dir:  /scratch/blueschmitz/Watching-enzymes-wiggle/MD_simulations/projects/5EKY_monomeric/outputs/6_HREX/rep0.91
Command line:
  gmx_mpi grompp -f ../../../../../mdp_templates/hrex.mdp -c ../npt_5.gro -p scaled_0.91.top -o topol.tpr -maxwarn 1

Ignoring obsolete mdp entry 'ns_type'
Setting the LD random seed to -7348273
Generated 8778 of the 8778 non-bonded parameter combinations
Generating 1-4 interactions: fudge = 0.5
Generated 8778 of the 8778 1-4 parameter combinations
Excluding 3 bonded neighbours molecule type 'Protein_chain_A'
Excluding 2 bonded neighbours molecule type 'SOL'
Excluding 1 bonded neighbours molecule type 'NA'

NOTE 1 [file scaled_0.91.top, line 51995]:
  System has non-zero total charge: 0.184238
  Total charge should normally be an integer. See
  http://www.gromacs.org/Documentation/Floating_Point_Arithmetic
  for discussion on how close it should be to an integer.
  



WARNING 1 [file scaled_0.91.top, line 51995]:
  You are using Ewald electrostatics in a system with net charge. This can
  lead to severe artifacts, such as ions moving into regions with low
  dielectric, due to the uniform background charge. We suggest to
  neutralize your system with counter ions, possibly in combination with a
  physiological salt concentration.

turning H bonds into constraints...
turning H bonds into constraints...
turning H bonds into constraints...

++++ PLEASE READ AND CITE THE FOLLOWING REFERENCE ++++
J. S. Hub, B. L. de Groot, H. Grubmueller, G. Groenhof
Quantifying Artifacts in Ewald Simulations of Inhomogeneous Systems with a Net
Charge
J. Chem. Theory Comput. 10 (2014) pp. 381-393
-------- -------- --- Thank You --- -------- --------

Number of degrees of freedom in T-Coupling group Protein is 9782.78
Number of degrees of freedom in T-Coupling group non-Protein is 122040.22
Estimate for the relative computational load of the PME mesh part: 0.28

NOTE 2 [file ../../../../../mdp_templates/hrex.mdp]:
  This run will generate roughly 14490 Mb of data


There were 2 notes

There was 1 warning

GROMACS reminds you: "Beat On the Brat With a Baseball Bat" (The Ramones)

Analysing residue names:
There are:   259    Protein residues
There are: 20337      Water residues
There are:     7        Ion residues
Analysing Protein...
Analysing residues not classified as Protein/DNA/RNA/Water and splitting into groups...
Determining Verlet buffer for a tolerance of 0.005 kJ/mol/ps at 298 K
Calculated rlist for 1x1 atom pair-list as 1.034 nm, buffer size 0.034 nm
Set rlist, assuming 4x4 atom pair-list, to 1.000 nm, buffer size 0.000 nm
Note that mdrun will redetermine rlist based on the actual pair-list setup
Calculating fourier grid dimensions for X Y Z
Using a fourier grid of 56x56x56, spacing 0.155 0.155 0.155
Generated topol.tpr from scaled_0.91.top in ./rep0.91.
Generated scaled_0.87.top in ./rep0.87 with scaling factor 0.87.
               :-) GROMACS - gmx grompp, 2020.6-PLUMED-spack (-:

                            GROMACS is written by:
     Emile Apol      Rossen Apostolov      Paul Bauer     Herman J.C. Berendsen
    Par Bjelkmar      Christian Blau   Viacheslav Bolnykh     Kevin Boyd    
 Aldert van Buuren   Rudi van Drunen     Anton Feenstra       Alan Gray     
  Gerrit Groenhof     Anca Hamuraru    Vincent Hindriksen  M. Eric Irrgang  
  Aleksei Iupinov   Christoph Junghans     Joe Jordan     Dimitrios Karkoulis
    Peter Kasson        Jiri Kraus      Carsten Kutzner      Per Larsson    
  Justin A. Lemkul    Viveca Lindahl    Magnus Lundborg     Erik Marklund   
    Pascal Merz     Pieter Meulenhoff    Teemu Murtola       Szilard Pall   
    Sander Pronk      Roland Schulz      Michael Shirts    Alexey Shvetsov  
   Alfons Sijbers     Peter Tieleman      Jon Vincent      Teemu Virolainen 
 Christian Wennberg    Maarten Wolf      Artem Zhmurov   
                           and the project leaders:
        Mark Abraham, Berk Hess, Erik Lindahl, and David van der Spoel

Copyright (c) 1991-2000, University of Groningen, The Netherlands.
Copyright (c) 2001-2019, The GROMACS development team at
Uppsala University, Stockholm University and
the Royal Institute of Technology, Sweden.
check out http://www.gromacs.org for more information.

GROMACS is free software; you can redistribute it and/or modify it
under the terms of the GNU Lesser General Public License
as published by the Free Software Foundation; either version 2.1
of the License, or (at your option) any later version.

GROMACS:      gmx grompp, version 2020.6-PLUMED-spack
Executable:   /home/blueschmitz/spack/opt/spack/linux-rhel8-cascadelake/gcc-11.3.0/gromacs-2020.6-lp4hfown6wui4otvwejsbjlumqjnmgiq/bin/gmx_mpi
Data prefix:  /home/blueschmitz/spack/opt/spack/linux-rhel8-cascadelake/gcc-11.3.0/gromacs-2020.6-lp4hfown6wui4otvwejsbjlumqjnmgiq
Working dir:  /scratch/blueschmitz/Watching-enzymes-wiggle/MD_simulations/projects/5EKY_monomeric/outputs/6_HREX/rep0.87
Command line:
  gmx_mpi grompp -f ../../../../../mdp_templates/hrex.mdp -c ../npt_5.gro -p scaled_0.87.top -o topol.tpr -maxwarn 1

Ignoring obsolete mdp entry 'ns_type'
Setting the LD random seed to -68419858
Generated 8778 of the 8778 non-bonded parameter combinations
Generating 1-4 interactions: fudge = 0.5
Generated 8778 of the 8778 1-4 parameter combinations
Excluding 3 bonded neighbours molecule type 'Protein_chain_A'
Excluding 2 bonded neighbours molecule type 'SOL'
Excluding 1 bonded neighbours molecule type 'NA'

NOTE 1 [file scaled_0.87.top, line 51995]:
  System has non-zero total charge: 0.269019
  Total charge should normally be an integer. See
  http://www.gromacs.org/Documentation/Floating_Point_Arithmetic
  for discussion on how close it should be to an integer.
  



WARNING 1 [file scaled_0.87.top, line 51995]:
  You are using Ewald electrostatics in a system with net charge. This can
  lead to severe artifacts, such as ions moving into regions with low
  dielectric, due to the uniform background charge. We suggest to
  neutralize your system with counter ions, possibly in combination with a
  physiological salt concentration.

turning H bonds into constraints...
turning H bonds into constraints...
turning H bonds into constraints...

++++ PLEASE READ AND CITE THE FOLLOWING REFERENCE ++++
J. S. Hub, B. L. de Groot, H. Grubmueller, G. Groenhof
Quantifying Artifacts in Ewald Simulations of Inhomogeneous Systems with a Net
Charge
J. Chem. Theory Comput. 10 (2014) pp. 381-393
-------- -------- --- Thank You --- -------- --------

Number of degrees of freedom in T-Coupling group Protein is 9782.78
Number of degrees of freedom in T-Coupling group non-Protein is 122040.22
Estimate for the relative computational load of the PME mesh part: 0.28

NOTE 2 [file ../../../../../mdp_templates/hrex.mdp]:
  This run will generate roughly 14490 Mb of data


There were 2 notes

There was 1 warning

GROMACS reminds you: "My Brothers are Protons (Protons!), My Sisters are Neurons (Neurons)" (Gogol Bordello)

Analysing residue names:
There are:   259    Protein residues
There are: 20337      Water residues
There are:     7        Ion residues
Analysing Protein...
Analysing residues not classified as Protein/DNA/RNA/Water and splitting into groups...
Determining Verlet buffer for a tolerance of 0.005 kJ/mol/ps at 298 K
Calculated rlist for 1x1 atom pair-list as 1.034 nm, buffer size 0.034 nm
Set rlist, assuming 4x4 atom pair-list, to 1.000 nm, buffer size 0.000 nm
Note that mdrun will redetermine rlist based on the actual pair-list setup
Calculating fourier grid dimensions for X Y Z
Using a fourier grid of 56x56x56, spacing 0.155 0.155 0.155
Generated topol.tpr from scaled_0.87.top in ./rep0.87.
Generated scaled_0.83.top in ./rep0.83 with scaling factor 0.83.
               :-) GROMACS - gmx grompp, 2020.6-PLUMED-spack (-:

                            GROMACS is written by:
     Emile Apol      Rossen Apostolov      Paul Bauer     Herman J.C. Berendsen
    Par Bjelkmar      Christian Blau   Viacheslav Bolnykh     Kevin Boyd    
 Aldert van Buuren   Rudi van Drunen     Anton Feenstra       Alan Gray     
  Gerrit Groenhof     Anca Hamuraru    Vincent Hindriksen  M. Eric Irrgang  
  Aleksei Iupinov   Christoph Junghans     Joe Jordan     Dimitrios Karkoulis
    Peter Kasson        Jiri Kraus      Carsten Kutzner      Per Larsson    
  Justin A. Lemkul    Viveca Lindahl    Magnus Lundborg     Erik Marklund   
    Pascal Merz     Pieter Meulenhoff    Teemu Murtola       Szilard Pall   
    Sander Pronk      Roland Schulz      Michael Shirts    Alexey Shvetsov  
   Alfons Sijbers     Peter Tieleman      Jon Vincent      Teemu Virolainen 
 Christian Wennberg    Maarten Wolf      Artem Zhmurov   
                           and the project leaders:
        Mark Abraham, Berk Hess, Erik Lindahl, and David van der Spoel

Copyright (c) 1991-2000, University of Groningen, The Netherlands.
Copyright (c) 2001-2019, The GROMACS development team at
Uppsala University, Stockholm University and
the Royal Institute of Technology, Sweden.
check out http://www.gromacs.org for more information.

GROMACS is free software; you can redistribute it and/or modify it
under the terms of the GNU Lesser General Public License
as published by the Free Software Foundation; either version 2.1
of the License, or (at your option) any later version.

GROMACS:      gmx grompp, version 2020.6-PLUMED-spack
Executable:   /home/blueschmitz/spack/opt/spack/linux-rhel8-cascadelake/gcc-11.3.0/gromacs-2020.6-lp4hfown6wui4otvwejsbjlumqjnmgiq/bin/gmx_mpi
Data prefix:  /home/blueschmitz/spack/opt/spack/linux-rhel8-cascadelake/gcc-11.3.0/gromacs-2020.6-lp4hfown6wui4otvwejsbjlumqjnmgiq
Working dir:  /scratch/blueschmitz/Watching-enzymes-wiggle/MD_simulations/projects/5EKY_monomeric/outputs/6_HREX/rep0.83
Command line:
  gmx_mpi grompp -f ../../../../../mdp_templates/hrex.mdp -c ../npt_5.gro -p scaled_0.83.top -o topol.tpr -maxwarn 1

Ignoring obsolete mdp entry 'ns_type'
Setting the LD random seed to -68225557
Generated 8778 of the 8778 non-bonded parameter combinations
Generating 1-4 interactions: fudge = 0.5
Generated 8778 of the 8778 1-4 parameter combinations
Excluding 3 bonded neighbours molecule type 'Protein_chain_A'
Excluding 2 bonded neighbours molecule type 'SOL'
Excluding 1 bonded neighbours molecule type 'NA'

NOTE 1 [file scaled_0.83.top, line 51995]:
  System has non-zero total charge: 0.355813
  Total charge should normally be an integer. See
  http://www.gromacs.org/Documentation/Floating_Point_Arithmetic
  for discussion on how close it should be to an integer.
  



WARNING 1 [file scaled_0.83.top, line 51995]:
  You are using Ewald electrostatics in a system with net charge. This can
  lead to severe artifacts, such as ions moving into regions with low
  dielectric, due to the uniform background charge. We suggest to
  neutralize your system with counter ions, possibly in combination with a
  physiological salt concentration.

turning H bonds into constraints...
turning H bonds into constraints...
turning H bonds into constraints...

++++ PLEASE READ AND CITE THE FOLLOWING REFERENCE ++++
J. S. Hub, B. L. de Groot, H. Grubmueller, G. Groenhof
Quantifying Artifacts in Ewald Simulations of Inhomogeneous Systems with a Net
Charge
J. Chem. Theory Comput. 10 (2014) pp. 381-393
-------- -------- --- Thank You --- -------- --------

Number of degrees of freedom in T-Coupling group Protein is 9782.78
Number of degrees of freedom in T-Coupling group non-Protein is 122040.22
Estimate for the relative computational load of the PME mesh part: 0.28

NOTE 2 [file ../../../../../mdp_templates/hrex.mdp]:
  This run will generate roughly 14490 Mb of data


There were 2 notes

There was 1 warning

GROMACS reminds you: "What's the point, yo, what's the spread?" (Red Hot Chili Peppers)

Analysing residue names:
There are:   259    Protein residues
There are: 20337      Water residues
There are:     7        Ion residues
Analysing Protein...
Analysing residues not classified as Protein/DNA/RNA/Water and splitting into groups...
Determining Verlet buffer for a tolerance of 0.005 kJ/mol/ps at 298 K
Calculated rlist for 1x1 atom pair-list as 1.034 nm, buffer size 0.034 nm
Set rlist, assuming 4x4 atom pair-list, to 1.000 nm, buffer size 0.000 nm
Note that mdrun will redetermine rlist based on the actual pair-list setup
Calculating fourier grid dimensions for X Y Z
Using a fourier grid of 56x56x56, spacing 0.155 0.155 0.155
Generated topol.tpr from scaled_0.83.top in ./rep0.83.
Generated scaled_0.79.top in ./rep0.79 with scaling factor 0.79.
               :-) GROMACS - gmx grompp, 2020.6-PLUMED-spack (-:

                            GROMACS is written by:
     Emile Apol      Rossen Apostolov      Paul Bauer     Herman J.C. Berendsen
    Par Bjelkmar      Christian Blau   Viacheslav Bolnykh     Kevin Boyd    
 Aldert van Buuren   Rudi van Drunen     Anton Feenstra       Alan Gray     
  Gerrit Groenhof     Anca Hamuraru    Vincent Hindriksen  M. Eric Irrgang  
  Aleksei Iupinov   Christoph Junghans     Joe Jordan     Dimitrios Karkoulis
    Peter Kasson        Jiri Kraus      Carsten Kutzner      Per Larsson    
  Justin A. Lemkul    Viveca Lindahl    Magnus Lundborg     Erik Marklund   
    Pascal Merz     Pieter Meulenhoff    Teemu Murtola       Szilard Pall   
    Sander Pronk      Roland Schulz      Michael Shirts    Alexey Shvetsov  
   Alfons Sijbers     Peter Tieleman      Jon Vincent      Teemu Virolainen 
 Christian Wennberg    Maarten Wolf      Artem Zhmurov   
                           and the project leaders:
        Mark Abraham, Berk Hess, Erik Lindahl, and David van der Spoel

Copyright (c) 1991-2000, University of Groningen, The Netherlands.
Copyright (c) 2001-2019, The GROMACS development team at
Uppsala University, Stockholm University and
the Royal Institute of Technology, Sweden.
check out http://www.gromacs.org for more information.

GROMACS is free software; you can redistribute it and/or modify it
under the terms of the GNU Lesser General Public License
as published by the Free Software Foundation; either version 2.1
of the License, or (at your option) any later version.

GROMACS:      gmx grompp, version 2020.6-PLUMED-spack
Executable:   /home/blueschmitz/spack/opt/spack/linux-rhel8-cascadelake/gcc-11.3.0/gromacs-2020.6-lp4hfown6wui4otvwejsbjlumqjnmgiq/bin/gmx_mpi
Data prefix:  /home/blueschmitz/spack/opt/spack/linux-rhel8-cascadelake/gcc-11.3.0/gromacs-2020.6-lp4hfown6wui4otvwejsbjlumqjnmgiq
Working dir:  /scratch/blueschmitz/Watching-enzymes-wiggle/MD_simulations/projects/5EKY_monomeric/outputs/6_HREX/rep0.79
Command line:
  gmx_mpi grompp -f ../../../../../mdp_templates/hrex.mdp -c ../npt_5.gro -p scaled_0.79.top -o topol.tpr -maxwarn 1

Ignoring obsolete mdp entry 'ns_type'
Setting the LD random seed to 1587493263
Generated 8778 of the 8778 non-bonded parameter combinations
Generating 1-4 interactions: fudge = 0.5
Generated 8778 of the 8778 1-4 parameter combinations
Excluding 3 bonded neighbours molecule type 'Protein_chain_A'
Excluding 2 bonded neighbours molecule type 'SOL'
Excluding 1 bonded neighbours molecule type 'NA'

NOTE 1 [file scaled_0.79.top, line 51995]:
  System has non-zero total charge: 0.444728
  Total charge should normally be an integer. See
  http://www.gromacs.org/Documentation/Floating_Point_Arithmetic
  for discussion on how close it should be to an integer.
  



WARNING 1 [file scaled_0.79.top, line 51995]:
  You are using Ewald electrostatics in a system with net charge. This can
  lead to severe artifacts, such as ions moving into regions with low
  dielectric, due to the uniform background charge. We suggest to
  neutralize your system with counter ions, possibly in combination with a
  physiological salt concentration.

turning H bonds into constraints...
turning H bonds into constraints...
turning H bonds into constraints...

++++ PLEASE READ AND CITE THE FOLLOWING REFERENCE ++++
J. S. Hub, B. L. de Groot, H. Grubmueller, G. Groenhof
Quantifying Artifacts in Ewald Simulations of Inhomogeneous Systems with a Net
Charge
J. Chem. Theory Comput. 10 (2014) pp. 381-393
-------- -------- --- Thank You --- -------- --------

Number of degrees of freedom in T-Coupling group Protein is 9782.78
Number of degrees of freedom in T-Coupling group non-Protein is 122040.22
Estimate for the relative computational load of the PME mesh part: 0.28

NOTE 2 [file ../../../../../mdp_templates/hrex.mdp]:
  This run will generate roughly 14490 Mb of data


There were 2 notes

There was 1 warning

GROMACS reminds you: "Ludwig Boltzmann, who spent much of his life studying statistical mechanics, died in 1906, by his own hand. Paul Ehrenfest, carrying on the same work, died similarly in 1933. Now it is our turn to study statistical mechanics. Perhaps it will be wise to approach the subject cautiously." (David Goodstein)

Analysing residue names:
There are:   259    Protein residues
There are: 20337      Water residues
There are:     7        Ion residues
Analysing Protein...
Analysing residues not classified as Protein/DNA/RNA/Water and splitting into groups...
Determining Verlet buffer for a tolerance of 0.005 kJ/mol/ps at 298 K
Calculated rlist for 1x1 atom pair-list as 1.034 nm, buffer size 0.034 nm
Set rlist, assuming 4x4 atom pair-list, to 1.000 nm, buffer size 0.000 nm
Note that mdrun will redetermine rlist based on the actual pair-list setup
Calculating fourier grid dimensions for X Y Z
Using a fourier grid of 56x56x56, spacing 0.155 0.155 0.155
Generated topol.tpr from scaled_0.79.top in ./rep0.79.
Generated scaled_0.76.top in ./rep0.76 with scaling factor 0.76.
               :-) GROMACS - gmx grompp, 2020.6-PLUMED-spack (-:

                            GROMACS is written by:
     Emile Apol      Rossen Apostolov      Paul Bauer     Herman J.C. Berendsen
    Par Bjelkmar      Christian Blau   Viacheslav Bolnykh     Kevin Boyd    
 Aldert van Buuren   Rudi van Drunen     Anton Feenstra       Alan Gray     
  Gerrit Groenhof     Anca Hamuraru    Vincent Hindriksen  M. Eric Irrgang  
  Aleksei Iupinov   Christoph Junghans     Joe Jordan     Dimitrios Karkoulis
    Peter Kasson        Jiri Kraus      Carsten Kutzner      Per Larsson    
  Justin A. Lemkul    Viveca Lindahl    Magnus Lundborg     Erik Marklund   
    Pascal Merz     Pieter Meulenhoff    Teemu Murtola       Szilard Pall   
    Sander Pronk      Roland Schulz      Michael Shirts    Alexey Shvetsov  
   Alfons Sijbers     Peter Tieleman      Jon Vincent      Teemu Virolainen 
 Christian Wennberg    Maarten Wolf      Artem Zhmurov   
                           and the project leaders:
        Mark Abraham, Berk Hess, Erik Lindahl, and David van der Spoel

Copyright (c) 1991-2000, University of Groningen, The Netherlands.
Copyright (c) 2001-2019, The GROMACS development team at
Uppsala University, Stockholm University and
the Royal Institute of Technology, Sweden.
check out http://www.gromacs.org for more information.

GROMACS is free software; you can redistribute it and/or modify it
under the terms of the GNU Lesser General Public License
as published by the Free Software Foundation; either version 2.1
of the License, or (at your option) any later version.

GROMACS:      gmx grompp, version 2020.6-PLUMED-spack
Executable:   /home/blueschmitz/spack/opt/spack/linux-rhel8-cascadelake/gcc-11.3.0/gromacs-2020.6-lp4hfown6wui4otvwejsbjlumqjnmgiq/bin/gmx_mpi
Data prefix:  /home/blueschmitz/spack/opt/spack/linux-rhel8-cascadelake/gcc-11.3.0/gromacs-2020.6-lp4hfown6wui4otvwejsbjlumqjnmgiq
Working dir:  /scratch/blueschmitz/Watching-enzymes-wiggle/MD_simulations/projects/5EKY_monomeric/outputs/6_HREX/rep0.76
Command line:
  gmx_mpi grompp -f ../../../../../mdp_templates/hrex.mdp -c ../npt_5.gro -p scaled_0.76.top -o topol.tpr -maxwarn 1

Ignoring obsolete mdp entry 'ns_type'
Setting the LD random seed to -39980803
Generated 8778 of the 8778 non-bonded parameter combinations
Generating 1-4 interactions: fudge = 0.5
Generated 8778 of the 8778 1-4 parameter combinations
Excluding 3 bonded neighbours molecule type 'Protein_chain_A'
Excluding 2 bonded neighbours molecule type 'SOL'
Excluding 1 bonded neighbours molecule type 'NA'

NOTE 1 [file scaled_0.76.top, line 51995]:
  System has non-zero total charge: 0.512878
  Total charge should normally be an integer. See
  http://www.gromacs.org/Documentation/Floating_Point_Arithmetic
  for discussion on how close it should be to an integer.
  



WARNING 1 [file scaled_0.76.top, line 51995]:
  You are using Ewald electrostatics in a system with net charge. This can
  lead to severe artifacts, such as ions moving into regions with low
  dielectric, due to the uniform background charge. We suggest to
  neutralize your system with counter ions, possibly in combination with a
  physiological salt concentration.

turning H bonds into constraints...
turning H bonds into constraints...
turning H bonds into constraints...

++++ PLEASE READ AND CITE THE FOLLOWING REFERENCE ++++
J. S. Hub, B. L. de Groot, H. Grubmueller, G. Groenhof
Quantifying Artifacts in Ewald Simulations of Inhomogeneous Systems with a Net
Charge
J. Chem. Theory Comput. 10 (2014) pp. 381-393
-------- -------- --- Thank You --- -------- --------

Number of degrees of freedom in T-Coupling group Protein is 9782.78
Number of degrees of freedom in T-Coupling group non-Protein is 122040.22
Estimate for the relative computational load of the PME mesh part: 0.28

NOTE 2 [file ../../../../../mdp_templates/hrex.mdp]:
  This run will generate roughly 14490 Mb of data


There were 2 notes

There was 1 warning

GROMACS reminds you: "When It Starts to Start It'll Never Stop" (Magnapop)

Analysing residue names:
There are:   259    Protein residues
There are: 20337      Water residues
There are:     7        Ion residues
Analysing Protein...
Analysing residues not classified as Protein/DNA/RNA/Water and splitting into groups...
Determining Verlet buffer for a tolerance of 0.005 kJ/mol/ps at 298 K
Calculated rlist for 1x1 atom pair-list as 1.034 nm, buffer size 0.034 nm
Set rlist, assuming 4x4 atom pair-list, to 1.000 nm, buffer size 0.000 nm
Note that mdrun will redetermine rlist based on the actual pair-list setup
Calculating fourier grid dimensions for X Y Z
Using a fourier grid of 56x56x56, spacing 0.155 0.155 0.155
Generated topol.tpr from scaled_0.76.top in ./rep0.76.
Generated scaled_0.72.top in ./rep0.72 with scaling factor 0.72.
               :-) GROMACS - gmx grompp, 2020.6-PLUMED-spack (-:

                            GROMACS is written by:
     Emile Apol      Rossen Apostolov      Paul Bauer     Herman J.C. Berendsen
    Par Bjelkmar      Christian Blau   Viacheslav Bolnykh     Kevin Boyd    
 Aldert van Buuren   Rudi van Drunen     Anton Feenstra       Alan Gray     
  Gerrit Groenhof     Anca Hamuraru    Vincent Hindriksen  M. Eric Irrgang  
  Aleksei Iupinov   Christoph Junghans     Joe Jordan     Dimitrios Karkoulis
    Peter Kasson        Jiri Kraus      Carsten Kutzner      Per Larsson    
  Justin A. Lemkul    Viveca Lindahl    Magnus Lundborg     Erik Marklund   
    Pascal Merz     Pieter Meulenhoff    Teemu Murtola       Szilard Pall   
    Sander Pronk      Roland Schulz      Michael Shirts    Alexey Shvetsov  
   Alfons Sijbers     Peter Tieleman      Jon Vincent      Teemu Virolainen 
 Christian Wennberg    Maarten Wolf      Artem Zhmurov   
                           and the project leaders:
        Mark Abraham, Berk Hess, Erik Lindahl, and David van der Spoel

Copyright (c) 1991-2000, University of Groningen, The Netherlands.
Copyright (c) 2001-2019, The GROMACS development team at
Uppsala University, Stockholm University and
the Royal Institute of Technology, Sweden.
check out http://www.gromacs.org for more information.

GROMACS is free software; you can redistribute it and/or modify it
under the terms of the GNU Lesser General Public License
as published by the Free Software Foundation; either version 2.1
of the License, or (at your option) any later version.

GROMACS:      gmx grompp, version 2020.6-PLUMED-spack
Executable:   /home/blueschmitz/spack/opt/spack/linux-rhel8-cascadelake/gcc-11.3.0/gromacs-2020.6-lp4hfown6wui4otvwejsbjlumqjnmgiq/bin/gmx_mpi
Data prefix:  /home/blueschmitz/spack/opt/spack/linux-rhel8-cascadelake/gcc-11.3.0/gromacs-2020.6-lp4hfown6wui4otvwejsbjlumqjnmgiq
Working dir:  /scratch/blueschmitz/Watching-enzymes-wiggle/MD_simulations/projects/5EKY_monomeric/outputs/6_HREX/rep0.72
Command line:
  gmx_mpi grompp -f ../../../../../mdp_templates/hrex.mdp -c ../npt_5.gro -p scaled_0.72.top -o topol.tpr -maxwarn 1

Ignoring obsolete mdp entry 'ns_type'
Setting the LD random seed to -1619067619
Generated 8778 of the 8778 non-bonded parameter combinations
Generating 1-4 interactions: fudge = 0.5
Generated 8778 of the 8778 1-4 parameter combinations
Excluding 3 bonded neighbours molecule type 'Protein_chain_A'
Excluding 2 bonded neighbours molecule type 'SOL'
Excluding 1 bonded neighbours molecule type 'NA'

NOTE 1 [file scaled_0.72.top, line 51995]:
  System has non-zero total charge: 0.605914
  Total charge should normally be an integer. See
  http://www.gromacs.org/Documentation/Floating_Point_Arithmetic
  for discussion on how close it should be to an integer.
  



WARNING 1 [file scaled_0.72.top, line 51995]:
  You are using Ewald electrostatics in a system with net charge. This can
  lead to severe artifacts, such as ions moving into regions with low
  dielectric, due to the uniform background charge. We suggest to
  neutralize your system with counter ions, possibly in combination with a
  physiological salt concentration.

turning H bonds into constraints...
turning H bonds into constraints...
turning H bonds into constraints...

++++ PLEASE READ AND CITE THE FOLLOWING REFERENCE ++++
J. S. Hub, B. L. de Groot, H. Grubmueller, G. Groenhof
Quantifying Artifacts in Ewald Simulations of Inhomogeneous Systems with a Net
Charge
J. Chem. Theory Comput. 10 (2014) pp. 381-393
-------- -------- --- Thank You --- -------- --------

Number of degrees of freedom in T-Coupling group Protein is 9782.78
Number of degrees of freedom in T-Coupling group non-Protein is 122040.22
Estimate for the relative computational load of the PME mesh part: 0.28

NOTE 2 [file ../../../../../mdp_templates/hrex.mdp]:
  This run will generate roughly 14490 Mb of data


There were 2 notes

There was 1 warning

GROMACS reminds you: "Consistently separating words by spaces became a general custom about the tenth century A.D., and lasted until about 1957, when FORTRAN abandoned the practice." (Sun FORTRAN Reference Manual)

Analysing residue names:
There are:   259    Protein residues
There are: 20337      Water residues
There are:     7        Ion residues
Analysing Protein...
Analysing residues not classified as Protein/DNA/RNA/Water and splitting into groups...
Determining Verlet buffer for a tolerance of 0.005 kJ/mol/ps at 298 K
Calculated rlist for 1x1 atom pair-list as 1.034 nm, buffer size 0.034 nm
Set rlist, assuming 4x4 atom pair-list, to 1.000 nm, buffer size 0.000 nm
Note that mdrun will redetermine rlist based on the actual pair-list setup
Calculating fourier grid dimensions for X Y Z
Using a fourier grid of 56x56x56, spacing 0.155 0.155 0.155
Generated topol.tpr from scaled_0.72.top in ./rep0.72.
Generated scaled_0.69.top in ./rep0.69 with scaling factor 0.69.
               :-) GROMACS - gmx grompp, 2020.6-PLUMED-spack (-:

                            GROMACS is written by:
     Emile Apol      Rossen Apostolov      Paul Bauer     Herman J.C. Berendsen
    Par Bjelkmar      Christian Blau   Viacheslav Bolnykh     Kevin Boyd    
 Aldert van Buuren   Rudi van Drunen     Anton Feenstra       Alan Gray     
  Gerrit Groenhof     Anca Hamuraru    Vincent Hindriksen  M. Eric Irrgang  
  Aleksei Iupinov   Christoph Junghans     Joe Jordan     Dimitrios Karkoulis
    Peter Kasson        Jiri Kraus      Carsten Kutzner      Per Larsson    
  Justin A. Lemkul    Viveca Lindahl    Magnus Lundborg     Erik Marklund   
    Pascal Merz     Pieter Meulenhoff    Teemu Murtola       Szilard Pall   
    Sander Pronk      Roland Schulz      Michael Shirts    Alexey Shvetsov  
   Alfons Sijbers     Peter Tieleman      Jon Vincent      Teemu Virolainen 
 Christian Wennberg    Maarten Wolf      Artem Zhmurov   
                           and the project leaders:
        Mark Abraham, Berk Hess, Erik Lindahl, and David van der Spoel

Copyright (c) 1991-2000, University of Groningen, The Netherlands.
Copyright (c) 2001-2019, The GROMACS development team at
Uppsala University, Stockholm University and
the Royal Institute of Technology, Sweden.
check out http://www.gromacs.org for more information.

GROMACS is free software; you can redistribute it and/or modify it
under the terms of the GNU Lesser General Public License
as published by the Free Software Foundation; either version 2.1
of the License, or (at your option) any later version.

GROMACS:      gmx grompp, version 2020.6-PLUMED-spack
Executable:   /home/blueschmitz/spack/opt/spack/linux-rhel8-cascadelake/gcc-11.3.0/gromacs-2020.6-lp4hfown6wui4otvwejsbjlumqjnmgiq/bin/gmx_mpi
Data prefix:  /home/blueschmitz/spack/opt/spack/linux-rhel8-cascadelake/gcc-11.3.0/gromacs-2020.6-lp4hfown6wui4otvwejsbjlumqjnmgiq
Working dir:  /scratch/blueschmitz/Watching-enzymes-wiggle/MD_simulations/projects/5EKY_monomeric/outputs/6_HREX/rep0.69
Command line:
  gmx_mpi grompp -f ../../../../../mdp_templates/hrex.mdp -c ../npt_5.gro -p scaled_0.69.top -o topol.tpr -maxwarn 1

Ignoring obsolete mdp entry 'ns_type'
Setting the LD random seed to -1344536705
Generated 8778 of the 8778 non-bonded parameter combinations
Generating 1-4 interactions: fudge = 0.5
Generated 8778 of the 8778 1-4 parameter combinations
Excluding 3 bonded neighbours molecule type 'Protein_chain_A'
Excluding 2 bonded neighbours molecule type 'SOL'
Excluding 1 bonded neighbours molecule type 'NA'

NOTE 1 [file scaled_0.69.top, line 51995]:
  System has non-zero total charge: 0.677376
  Total charge should normally be an integer. See
  http://www.gromacs.org/Documentation/Floating_Point_Arithmetic
  for discussion on how close it should be to an integer.
  



WARNING 1 [file scaled_0.69.top, line 51995]:
  You are using Ewald electrostatics in a system with net charge. This can
  lead to severe artifacts, such as ions moving into regions with low
  dielectric, due to the uniform background charge. We suggest to
  neutralize your system with counter ions, possibly in combination with a
  physiological salt concentration.

turning H bonds into constraints...
turning H bonds into constraints...
turning H bonds into constraints...

++++ PLEASE READ AND CITE THE FOLLOWING REFERENCE ++++
J. S. Hub, B. L. de Groot, H. Grubmueller, G. Groenhof
Quantifying Artifacts in Ewald Simulations of Inhomogeneous Systems with a Net
Charge
J. Chem. Theory Comput. 10 (2014) pp. 381-393
-------- -------- --- Thank You --- -------- --------

Number of degrees of freedom in T-Coupling group Protein is 9782.78
Number of degrees of freedom in T-Coupling group non-Protein is 122040.22
Estimate for the relative computational load of the PME mesh part: 0.28

NOTE 2 [file ../../../../../mdp_templates/hrex.mdp]:
  This run will generate roughly 14490 Mb of data


There were 2 notes

There was 1 warning

GROMACS reminds you: "Push It Real Good" (Salt 'n' Pepa)

Analysing residue names:
There are:   259    Protein residues
There are: 20337      Water residues
There are:     7        Ion residues
Analysing Protein...
Analysing residues not classified as Protein/DNA/RNA/Water and splitting into groups...
Determining Verlet buffer for a tolerance of 0.005 kJ/mol/ps at 298 K
Calculated rlist for 1x1 atom pair-list as 1.034 nm, buffer size 0.034 nm
Set rlist, assuming 4x4 atom pair-list, to 1.000 nm, buffer size 0.000 nm
Note that mdrun will redetermine rlist based on the actual pair-list setup
Calculating fourier grid dimensions for X Y Z
Using a fourier grid of 56x56x56, spacing 0.155 0.155 0.155
Generated topol.tpr from scaled_0.69.top in ./rep0.69.
Generated scaled_0.66.top in ./rep0.66 with scaling factor 0.66.
               :-) GROMACS - gmx grompp, 2020.6-PLUMED-spack (-:

                            GROMACS is written by:
     Emile Apol      Rossen Apostolov      Paul Bauer     Herman J.C. Berendsen
    Par Bjelkmar      Christian Blau   Viacheslav Bolnykh     Kevin Boyd    
 Aldert van Buuren   Rudi van Drunen     Anton Feenstra       Alan Gray     
  Gerrit Groenhof     Anca Hamuraru    Vincent Hindriksen  M. Eric Irrgang  
  Aleksei Iupinov   Christoph Junghans     Joe Jordan     Dimitrios Karkoulis
    Peter Kasson        Jiri Kraus      Carsten Kutzner      Per Larsson    
  Justin A. Lemkul    Viveca Lindahl    Magnus Lundborg     Erik Marklund   
    Pascal Merz     Pieter Meulenhoff    Teemu Murtola       Szilard Pall   
    Sander Pronk      Roland Schulz      Michael Shirts    Alexey Shvetsov  
   Alfons Sijbers     Peter Tieleman      Jon Vincent      Teemu Virolainen 
 Christian Wennberg    Maarten Wolf      Artem Zhmurov   
                           and the project leaders:
        Mark Abraham, Berk Hess, Erik Lindahl, and David van der Spoel

Copyright (c) 1991-2000, University of Groningen, The Netherlands.
Copyright (c) 2001-2019, The GROMACS development team at
Uppsala University, Stockholm University and
the Royal Institute of Technology, Sweden.
check out http://www.gromacs.org for more information.

GROMACS is free software; you can redistribute it and/or modify it
under the terms of the GNU Lesser General Public License
as published by the Free Software Foundation; either version 2.1
of the License, or (at your option) any later version.

GROMACS:      gmx grompp, version 2020.6-PLUMED-spack
Executable:   /home/blueschmitz/spack/opt/spack/linux-rhel8-cascadelake/gcc-11.3.0/gromacs-2020.6-lp4hfown6wui4otvwejsbjlumqjnmgiq/bin/gmx_mpi
Data prefix:  /home/blueschmitz/spack/opt/spack/linux-rhel8-cascadelake/gcc-11.3.0/gromacs-2020.6-lp4hfown6wui4otvwejsbjlumqjnmgiq
Working dir:  /scratch/blueschmitz/Watching-enzymes-wiggle/MD_simulations/projects/5EKY_monomeric/outputs/6_HREX/rep0.66
Command line:
  gmx_mpi grompp -f ../../../../../mdp_templates/hrex.mdp -c ../npt_5.gro -p scaled_0.66.top -o topol.tpr -maxwarn 1

Ignoring obsolete mdp entry 'ns_type'
Setting the LD random seed to -167886934
Generated 8778 of the 8778 non-bonded parameter combinations
Generating 1-4 interactions: fudge = 0.5
Generated 8778 of the 8778 1-4 parameter combinations
Excluding 3 bonded neighbours molecule type 'Protein_chain_A'
Excluding 2 bonded neighbours molecule type 'SOL'
Excluding 1 bonded neighbours molecule type 'NA'

NOTE 1 [file scaled_0.66.top, line 51995]:
  System has non-zero total charge: 0.750425
  Total charge should normally be an integer. See
  http://www.gromacs.org/Documentation/Floating_Point_Arithmetic
  for discussion on how close it should be to an integer.
  



WARNING 1 [file scaled_0.66.top, line 51995]:
  You are using Ewald electrostatics in a system with net charge. This can
  lead to severe artifacts, such as ions moving into regions with low
  dielectric, due to the uniform background charge. We suggest to
  neutralize your system with counter ions, possibly in combination with a
  physiological salt concentration.

turning H bonds into constraints...
turning H bonds into constraints...
turning H bonds into constraints...

++++ PLEASE READ AND CITE THE FOLLOWING REFERENCE ++++
J. S. Hub, B. L. de Groot, H. Grubmueller, G. Groenhof
Quantifying Artifacts in Ewald Simulations of Inhomogeneous Systems with a Net
Charge
J. Chem. Theory Comput. 10 (2014) pp. 381-393
-------- -------- --- Thank You --- -------- --------

Number of degrees of freedom in T-Coupling group Protein is 9782.78
Number of degrees of freedom in T-Coupling group non-Protein is 122040.22
Estimate for the relative computational load of the PME mesh part: 0.28

NOTE 2 [file ../../../../../mdp_templates/hrex.mdp]:
  This run will generate roughly 14490 Mb of data


There were 2 notes

There was 1 warning

GROMACS reminds you: "I am at two with nature." (Woody Allen)

Analysing residue names:
There are:   259    Protein residues
There are: 20337      Water residues
There are:     7        Ion residues
Analysing Protein...
Analysing residues not classified as Protein/DNA/RNA/Water and splitting into groups...
Determining Verlet buffer for a tolerance of 0.005 kJ/mol/ps at 298 K
Calculated rlist for 1x1 atom pair-list as 1.034 nm, buffer size 0.034 nm
Set rlist, assuming 4x4 atom pair-list, to 1.000 nm, buffer size 0.000 nm
Note that mdrun will redetermine rlist based on the actual pair-list setup
Calculating fourier grid dimensions for X Y Z
Using a fourier grid of 56x56x56, spacing 0.155 0.155 0.155
Generated topol.tpr from scaled_0.66.top in ./rep0.66.
Generated scaled_0.63.top in ./rep0.63 with scaling factor 0.63.
               :-) GROMACS - gmx grompp, 2020.6-PLUMED-spack (-:

                            GROMACS is written by:
     Emile Apol      Rossen Apostolov      Paul Bauer     Herman J.C. Berendsen
    Par Bjelkmar      Christian Blau   Viacheslav Bolnykh     Kevin Boyd    
 Aldert van Buuren   Rudi van Drunen     Anton Feenstra       Alan Gray     
  Gerrit Groenhof     Anca Hamuraru    Vincent Hindriksen  M. Eric Irrgang  
  Aleksei Iupinov   Christoph Junghans     Joe Jordan     Dimitrios Karkoulis
    Peter Kasson        Jiri Kraus      Carsten Kutzner      Per Larsson    
  Justin A. Lemkul    Viveca Lindahl    Magnus Lundborg     Erik Marklund   
    Pascal Merz     Pieter Meulenhoff    Teemu Murtola       Szilard Pall   
    Sander Pronk      Roland Schulz      Michael Shirts    Alexey Shvetsov  
   Alfons Sijbers     Peter Tieleman      Jon Vincent      Teemu Virolainen 
 Christian Wennberg    Maarten Wolf      Artem Zhmurov   
                           and the project leaders:
        Mark Abraham, Berk Hess, Erik Lindahl, and David van der Spoel

Copyright (c) 1991-2000, University of Groningen, The Netherlands.
Copyright (c) 2001-2019, The GROMACS development team at
Uppsala University, Stockholm University and
the Royal Institute of Technology, Sweden.
check out http://www.gromacs.org for more information.

GROMACS is free software; you can redistribute it and/or modify it
under the terms of the GNU Lesser General Public License
as published by the Free Software Foundation; either version 2.1
of the License, or (at your option) any later version.

GROMACS:      gmx grompp, version 2020.6-PLUMED-spack
Executable:   /home/blueschmitz/spack/opt/spack/linux-rhel8-cascadelake/gcc-11.3.0/gromacs-2020.6-lp4hfown6wui4otvwejsbjlumqjnmgiq/bin/gmx_mpi
Data prefix:  /home/blueschmitz/spack/opt/spack/linux-rhel8-cascadelake/gcc-11.3.0/gromacs-2020.6-lp4hfown6wui4otvwejsbjlumqjnmgiq
Working dir:  /scratch/blueschmitz/Watching-enzymes-wiggle/MD_simulations/projects/5EKY_monomeric/outputs/6_HREX/rep0.63
Command line:
  gmx_mpi grompp -f ../../../../../mdp_templates/hrex.mdp -c ../npt_5.gro -p scaled_0.63.top -o topol.tpr -maxwarn 1

Ignoring obsolete mdp entry 'ns_type'
Setting the LD random seed to -566296835
Generated 8778 of the 8778 non-bonded parameter combinations
Generating 1-4 interactions: fudge = 0.5
Generated 8778 of the 8778 1-4 parameter combinations
Excluding 3 bonded neighbours molecule type 'Protein_chain_A'
Excluding 2 bonded neighbours molecule type 'SOL'
Excluding 1 bonded neighbours molecule type 'NA'

NOTE 1 [file scaled_0.63.top, line 51995]:
  System has non-zero total charge: 0.825066
  Total charge should normally be an integer. See
  http://www.gromacs.org/Documentation/Floating_Point_Arithmetic
  for discussion on how close it should be to an integer.
  



WARNING 1 [file scaled_0.63.top, line 51995]:
  You are using Ewald electrostatics in a system with net charge. This can
  lead to severe artifacts, such as ions moving into regions with low
  dielectric, due to the uniform background charge. We suggest to
  neutralize your system with counter ions, possibly in combination with a
  physiological salt concentration.

turning H bonds into constraints...
turning H bonds into constraints...
turning H bonds into constraints...

++++ PLEASE READ AND CITE THE FOLLOWING REFERENCE ++++
J. S. Hub, B. L. de Groot, H. Grubmueller, G. Groenhof
Quantifying Artifacts in Ewald Simulations of Inhomogeneous Systems with a Net
Charge
J. Chem. Theory Comput. 10 (2014) pp. 381-393
-------- -------- --- Thank You --- -------- --------

Number of degrees of freedom in T-Coupling group Protein is 9782.78
Number of degrees of freedom in T-Coupling group non-Protein is 122040.22
Estimate for the relative computational load of the PME mesh part: 0.28

NOTE 2 [file ../../../../../mdp_templates/hrex.mdp]:
  This run will generate roughly 14490 Mb of data


There were 2 notes

There was 1 warning

GROMACS reminds you: "Boom Boom Boom Boom, I Want You in My Room" (Venga Boys)

Analysing residue names:
There are:   259    Protein residues
There are: 20337      Water residues
There are:     7        Ion residues
Analysing Protein...
Analysing residues not classified as Protein/DNA/RNA/Water and splitting into groups...
Determining Verlet buffer for a tolerance of 0.005 kJ/mol/ps at 298 K
Calculated rlist for 1x1 atom pair-list as 1.034 nm, buffer size 0.034 nm
Set rlist, assuming 4x4 atom pair-list, to 1.000 nm, buffer size 0.000 nm
Note that mdrun will redetermine rlist based on the actual pair-list setup
Calculating fourier grid dimensions for X Y Z
Using a fourier grid of 56x56x56, spacing 0.155 0.155 0.155
Generated topol.tpr from scaled_0.63.top in ./rep0.63.
Generated scaled_0.60.top in ./rep0.60 with scaling factor 0.60.
               :-) GROMACS - gmx grompp, 2020.6-PLUMED-spack (-:

                            GROMACS is written by:
     Emile Apol      Rossen Apostolov      Paul Bauer     Herman J.C. Berendsen
    Par Bjelkmar      Christian Blau   Viacheslav Bolnykh     Kevin Boyd    
 Aldert van Buuren   Rudi van Drunen     Anton Feenstra       Alan Gray     
  Gerrit Groenhof     Anca Hamuraru    Vincent Hindriksen  M. Eric Irrgang  
  Aleksei Iupinov   Christoph Junghans     Joe Jordan     Dimitrios Karkoulis
    Peter Kasson        Jiri Kraus      Carsten Kutzner      Per Larsson    
  Justin A. Lemkul    Viveca Lindahl    Magnus Lundborg     Erik Marklund   
    Pascal Merz     Pieter Meulenhoff    Teemu Murtola       Szilard Pall   
    Sander Pronk      Roland Schulz      Michael Shirts    Alexey Shvetsov  
   Alfons Sijbers     Peter Tieleman      Jon Vincent      Teemu Virolainen 
 Christian Wennberg    Maarten Wolf      Artem Zhmurov   
                           and the project leaders:
        Mark Abraham, Berk Hess, Erik Lindahl, and David van der Spoel

Copyright (c) 1991-2000, University of Groningen, The Netherlands.
Copyright (c) 2001-2019, The GROMACS development team at
Uppsala University, Stockholm University and
the Royal Institute of Technology, Sweden.
check out http://www.gromacs.org for more information.

GROMACS is free software; you can redistribute it and/or modify it
under the terms of the GNU Lesser General Public License
as published by the Free Software Foundation; either version 2.1
of the License, or (at your option) any later version.

GROMACS:      gmx grompp, version 2020.6-PLUMED-spack
Executable:   /home/blueschmitz/spack/opt/spack/linux-rhel8-cascadelake/gcc-11.3.0/gromacs-2020.6-lp4hfown6wui4otvwejsbjlumqjnmgiq/bin/gmx_mpi
Data prefix:  /home/blueschmitz/spack/opt/spack/linux-rhel8-cascadelake/gcc-11.3.0/gromacs-2020.6-lp4hfown6wui4otvwejsbjlumqjnmgiq
Working dir:  /scratch/blueschmitz/Watching-enzymes-wiggle/MD_simulations/projects/5EKY_monomeric/outputs/6_HREX/rep0.60
Command line:
  gmx_mpi grompp -f ../../../../../mdp_templates/hrex.mdp -c ../npt_5.gro -p scaled_0.60.top -o topol.tpr -maxwarn 1

Ignoring obsolete mdp entry 'ns_type'
Setting the LD random seed to 1877806963
Generated 8778 of the 8778 non-bonded parameter combinations
Generating 1-4 interactions: fudge = 0.5
Generated 8778 of the 8778 1-4 parameter combinations
Excluding 3 bonded neighbours molecule type 'Protein_chain_A'
Excluding 2 bonded neighbours molecule type 'SOL'
Excluding 1 bonded neighbours molecule type 'NA'

NOTE 1 [file scaled_0.60.top, line 51995]:
  System has non-zero total charge: 0.901648
  Total charge should normally be an integer. See
  http://www.gromacs.org/Documentation/Floating_Point_Arithmetic
  for discussion on how close it should be to an integer.
  



WARNING 1 [file scaled_0.60.top, line 51995]:
  You are using Ewald electrostatics in a system with net charge. This can
  lead to severe artifacts, such as ions moving into regions with low
  dielectric, due to the uniform background charge. We suggest to
  neutralize your system with counter ions, possibly in combination with a
  physiological salt concentration.

turning H bonds into constraints...
turning H bonds into constraints...
turning H bonds into constraints...

++++ PLEASE READ AND CITE THE FOLLOWING REFERENCE ++++
J. S. Hub, B. L. de Groot, H. Grubmueller, G. Groenhof
Quantifying Artifacts in Ewald Simulations of Inhomogeneous Systems with a Net
Charge
J. Chem. Theory Comput. 10 (2014) pp. 381-393
-------- -------- --- Thank You --- -------- --------

Number of degrees of freedom in T-Coupling group Protein is 9782.78
Number of degrees of freedom in T-Coupling group non-Protein is 122040.22
Estimate for the relative computational load of the PME mesh part: 0.28

NOTE 2 [file ../../../../../mdp_templates/hrex.mdp]:
  This run will generate roughly 14490 Mb of data


There were 2 notes

There was 1 warning

GROMACS reminds you: "I went to Venice and looked at the paintings of Canaletto to understand how he presented perspective, and it turned out it was an exponential law. If I had published this, maybe there would be a Karplus law in art theory as well as the Karplus equation in NMR" (Martin Karplus, Nobel lecture 2013)

Analysing residue names:
There are:   259    Protein residues
There are: 20337      Water residues
There are:     7        Ion residues
Analysing Protein...
Analysing residues not classified as Protein/DNA/RNA/Water and splitting into groups...
Determining Verlet buffer for a tolerance of 0.005 kJ/mol/ps at 298 K
Calculated rlist for 1x1 atom pair-list as 1.034 nm, buffer size 0.034 nm
Set rlist, assuming 4x4 atom pair-list, to 1.000 nm, buffer size 0.000 nm
Note that mdrun will redetermine rlist based on the actual pair-list setup
Calculating fourier grid dimensions for X Y Z
Using a fourier grid of 56x56x56, spacing 0.155 0.155 0.155
Generated topol.tpr from scaled_0.60.top in ./rep0.60.
Generated all scaled topology files and tpr files for HREX replicas.
Sanity checks
               :-) GROMACS - gmx grompp, 2020.6-PLUMED-spack (-:

                            GROMACS is written by:
     Emile Apol      Rossen Apostolov      Paul Bauer     Herman J.C. Berendsen
    Par Bjelkmar      Christian Blau   Viacheslav Bolnykh     Kevin Boyd    
 Aldert van Buuren   Rudi van Drunen     Anton Feenstra       Alan Gray     
  Gerrit Groenhof     Anca Hamuraru    Vincent Hindriksen  M. Eric Irrgang  
  Aleksei Iupinov   Christoph Junghans     Joe Jordan     Dimitrios Karkoulis
    Peter Kasson        Jiri Kraus      Carsten Kutzner      Per Larsson    
  Justin A. Lemkul    Viveca Lindahl    Magnus Lundborg     Erik Marklund   
    Pascal Merz     Pieter Meulenhoff    Teemu Murtola       Szilard Pall   
    Sander Pronk      Roland Schulz      Michael Shirts    Alexey Shvetsov  
   Alfons Sijbers     Peter Tieleman      Jon Vincent      Teemu Virolainen 
 Christian Wennberg    Maarten Wolf      Artem Zhmurov   
                           and the project leaders:
        Mark Abraham, Berk Hess, Erik Lindahl, and David van der Spoel

Copyright (c) 1991-2000, University of Groningen, The Netherlands.
Copyright (c) 2001-2019, The GROMACS development team at
Uppsala University, Stockholm University and
the Royal Institute of Technology, Sweden.
check out http://www.gromacs.org for more information.

GROMACS is free software; you can redistribute it and/or modify it
under the terms of the GNU Lesser General Public License
as published by the Free Software Foundation; either version 2.1
of the License, or (at your option) any later version.

GROMACS:      gmx grompp, version 2020.6-PLUMED-spack
Executable:   /home/blueschmitz/spack/opt/spack/linux-rhel8-cascadelake/gcc-11.3.0/gromacs-2020.6-lp4hfown6wui4otvwejsbjlumqjnmgiq/bin/gmx_mpi
Data prefix:  /home/blueschmitz/spack/opt/spack/linux-rhel8-cascadelake/gcc-11.3.0/gromacs-2020.6-lp4hfown6wui4otvwejsbjlumqjnmgiq
Working dir:  /scratch/blueschmitz/Watching-enzymes-wiggle/MD_simulations/projects/5EKY_monomeric/outputs/5_sanity_checks
Command line:
  gmx_mpi grompp -f ../../../../mdp_templates/sanity_check.mdp -c npt_5.gro -p processed.top -o make_traj.tpr -maxwarn 1


NOTE 1 [file ../../../../mdp_templates/sanity_check.mdp]:
  Setting nstcalcenergy (100) equal to nstenergy (1)


WARNING 1 [file ../../../../mdp_templates/sanity_check.mdp]:
  You are generating velocities so I am assuming you are equilibrating a
  system. You are using Parrinello-Rahman pressure coupling, but this can
  be unstable for equilibration. If your system crashes, try equilibrating
  first with Berendsen pressure coupling. If you are not equilibrating the
  system, you can probably ignore this warning.

Setting the LD random seed to -1074923529
Generated 2211 of the 2211 non-bonded parameter combinations
Generating 1-4 interactions: fudge = 0.5
Generated 2211 of the 2211 1-4 parameter combinations
Excluding 3 bonded neighbours molecule type 'Protein_chain_A'
Excluding 2 bonded neighbours molecule type 'SOL'
Excluding 1 bonded neighbours molecule type 'NA'
Velocities were taken from a Maxwell distribution at 298 K
Number of degrees of freedom in T-Coupling group System is 131823.00
Estimate for the relative computational load of the PME mesh part: 0.33

There was 1 note

There was 1 warning

GROMACS reminds you: "Everybody is Smashing Things Down" (Offspring)

turning H bonds into constraints...
turning H bonds into constraints...
turning H bonds into constraints...
Analysing residue names:
There are:   259    Protein residues
There are: 20337      Water residues
There are:     7        Ion residues
Analysing Protein...
Analysing residues not classified as Protein/DNA/RNA/Water and splitting into groups...
Determining Verlet buffer for a tolerance of 0.005 kJ/mol/ps at 298 K
Calculated rlist for 1x1 atom pair-list as 1.034 nm, buffer size 0.034 nm
Set rlist, assuming 4x4 atom pair-list, to 1.000 nm, buffer size 0.000 nm
Note that mdrun will redetermine rlist based on the actual pair-list setup
Calculating fourier grid dimensions for X Y Z
Using a fourier grid of 80x80x80, spacing 0.108 0.108 0.108
This run will generate roughly 316 Mb of data
                :-) GROMACS - gmx mdrun, 2020.6-PLUMED-spack (-:

                            GROMACS is written by:
     Emile Apol      Rossen Apostolov      Paul Bauer     Herman J.C. Berendsen
    Par Bjelkmar      Christian Blau   Viacheslav Bolnykh     Kevin Boyd    
 Aldert van Buuren   Rudi van Drunen     Anton Feenstra       Alan Gray     
  Gerrit Groenhof     Anca Hamuraru    Vincent Hindriksen  M. Eric Irrgang  
  Aleksei Iupinov   Christoph Junghans     Joe Jordan     Dimitrios Karkoulis
    Peter Kasson        Jiri Kraus      Carsten Kutzner      Per Larsson    
  Justin A. Lemkul    Viveca Lindahl    Magnus Lundborg     Erik Marklund   
    Pascal Merz     Pieter Meulenhoff    Teemu Murtola       Szilard Pall   
    Sander Pronk      Roland Schulz      Michael Shirts    Alexey Shvetsov  
   Alfons Sijbers     Peter Tieleman      Jon Vincent      Teemu Virolainen 
 Christian Wennberg    Maarten Wolf      Artem Zhmurov   
                           and the project leaders:
        Mark Abraham, Berk Hess, Erik Lindahl, and David van der Spoel

Copyright (c) 1991-2000, University of Groningen, The Netherlands.
Copyright (c) 2001-2019, The GROMACS development team at
Uppsala University, Stockholm University and
the Royal Institute of Technology, Sweden.
check out http://www.gromacs.org for more information.

GROMACS is free software; you can redistribute it and/or modify it
under the terms of the GNU Lesser General Public License
as published by the Free Software Foundation; either version 2.1
of the License, or (at your option) any later version.

GROMACS:      gmx mdrun, version 2020.6-PLUMED-spack
Executable:   /home/blueschmitz/spack/opt/spack/linux-rhel8-cascadelake/gcc-11.3.0/gromacs-2020.6-lp4hfown6wui4otvwejsbjlumqjnmgiq/bin/gmx_mpi
Data prefix:  /home/blueschmitz/spack/opt/spack/linux-rhel8-cascadelake/gcc-11.3.0/gromacs-2020.6-lp4hfown6wui4otvwejsbjlumqjnmgiq
Working dir:  /scratch/blueschmitz/Watching-enzymes-wiggle/MD_simulations/projects/5EKY_monomeric/outputs/5_sanity_checks
Command line:
  gmx_mpi mdrun -deffnm make_traj

Reading file make_traj.tpr, VERSION 2020.6-PLUMED-spack (single precision)
Changing nstlist from 10 to 50, rlist from 1 to 1.107

Using 1 MPI process

Non-default thread affinity set, disabling internal thread affinity

Using 8 OpenMP threads 

starting mdrun 'Protein in water'
1000 steps,      2.0 ps.

Writing final coordinates.

               Core t (s)   Wall t (s)        (%)
       Time:       53.539        6.765      791.4
                 (ns/day)    (hour/ns)
Performance:       25.567        0.939

GROMACS reminds you: "If you want to destroy my sweater, hold this thread as I walk away." (Weezer)

               :-) GROMACS - gmx grompp, 2020.6-PLUMED-spack (-:

                            GROMACS is written by:
     Emile Apol      Rossen Apostolov      Paul Bauer     Herman J.C. Berendsen
    Par Bjelkmar      Christian Blau   Viacheslav Bolnykh     Kevin Boyd    
 Aldert van Buuren   Rudi van Drunen     Anton Feenstra       Alan Gray     
  Gerrit Groenhof     Anca Hamuraru    Vincent Hindriksen  M. Eric Irrgang  
  Aleksei Iupinov   Christoph Junghans     Joe Jordan     Dimitrios Karkoulis
    Peter Kasson        Jiri Kraus      Carsten Kutzner      Per Larsson    
  Justin A. Lemkul    Viveca Lindahl    Magnus Lundborg     Erik Marklund   
    Pascal Merz     Pieter Meulenhoff    Teemu Murtola       Szilard Pall   
    Sander Pronk      Roland Schulz      Michael Shirts    Alexey Shvetsov  
   Alfons Sijbers     Peter Tieleman      Jon Vincent      Teemu Virolainen 
 Christian Wennberg    Maarten Wolf      Artem Zhmurov   
                           and the project leaders:
        Mark Abraham, Berk Hess, Erik Lindahl, and David van der Spoel

Copyright (c) 1991-2000, University of Groningen, The Netherlands.
Copyright (c) 2001-2019, The GROMACS development team at
Uppsala University, Stockholm University and
the Royal Institute of Technology, Sweden.
check out http://www.gromacs.org for more information.

GROMACS is free software; you can redistribute it and/or modify it
under the terms of the GNU Lesser General Public License
as published by the Free Software Foundation; either version 2.1
of the License, or (at your option) any later version.

GROMACS:      gmx grompp, version 2020.6-PLUMED-spack
Executable:   /home/blueschmitz/spack/opt/spack/linux-rhel8-cascadelake/gcc-11.3.0/gromacs-2020.6-lp4hfown6wui4otvwejsbjlumqjnmgiq/bin/gmx_mpi
Data prefix:  /home/blueschmitz/spack/opt/spack/linux-rhel8-cascadelake/gcc-11.3.0/gromacs-2020.6-lp4hfown6wui4otvwejsbjlumqjnmgiq
Working dir:  /scratch/blueschmitz/Watching-enzymes-wiggle/MD_simulations/projects/5EKY_monomeric/outputs/5_sanity_checks
Command line:
  gmx_mpi grompp -f ../../../../mdp_templates/sanity_check.mdp -c npt_5.gro -p processed.top -o topol_pro.tpr -maxwarn 1


NOTE 1 [file ../../../../mdp_templates/sanity_check.mdp]:
  Setting nstcalcenergy (100) equal to nstenergy (1)


WARNING 1 [file ../../../../mdp_templates/sanity_check.mdp]:
  You are generating velocities so I am assuming you are equilibrating a
  system. You are using Parrinello-Rahman pressure coupling, but this can
  be unstable for equilibration. If your system crashes, try equilibrating
  first with Berendsen pressure coupling. If you are not equilibrating the
  system, you can probably ignore this warning.

Setting the LD random seed to -1074398594
Generated 2211 of the 2211 non-bonded parameter combinations
Generating 1-4 interactions: fudge = 0.5
Generated 2211 of the 2211 1-4 parameter combinations
Excluding 3 bonded neighbours molecule type 'Protein_chain_A'
Excluding 2 bonded neighbours molecule type 'SOL'
Excluding 1 bonded neighbours molecule type 'NA'
Velocities were taken from a Maxwell distribution at 298 K
Number of degrees of freedom in T-Coupling group System is 131823.00
Estimate for the relative computational load of the PME mesh part: 0.33

There was 1 note

There was 1 warning

GROMACS reminds you: "Carbohydrates is all they groove" (Frank Zappa)

turning H bonds into constraints...
turning H bonds into constraints...
turning H bonds into constraints...
Analysing residue names:
There are:   259    Protein residues
There are: 20337      Water residues
There are:     7        Ion residues
Analysing Protein...
Analysing residues not classified as Protein/DNA/RNA/Water and splitting into groups...
Determining Verlet buffer for a tolerance of 0.005 kJ/mol/ps at 298 K
Calculated rlist for 1x1 atom pair-list as 1.034 nm, buffer size 0.034 nm
Set rlist, assuming 4x4 atom pair-list, to 1.000 nm, buffer size 0.000 nm
Note that mdrun will redetermine rlist based on the actual pair-list setup
Calculating fourier grid dimensions for X Y Z
Using a fourier grid of 80x80x80, spacing 0.108 0.108 0.108
This run will generate roughly 316 Mb of data
                :-) GROMACS - gmx mdrun, 2020.6-PLUMED-spack (-:

                            GROMACS is written by:
     Emile Apol      Rossen Apostolov      Paul Bauer     Herman J.C. Berendsen
    Par Bjelkmar      Christian Blau   Viacheslav Bolnykh     Kevin Boyd    
 Aldert van Buuren   Rudi van Drunen     Anton Feenstra       Alan Gray     
  Gerrit Groenhof     Anca Hamuraru    Vincent Hindriksen  M. Eric Irrgang  
  Aleksei Iupinov   Christoph Junghans     Joe Jordan     Dimitrios Karkoulis
    Peter Kasson        Jiri Kraus      Carsten Kutzner      Per Larsson    
  Justin A. Lemkul    Viveca Lindahl    Magnus Lundborg     Erik Marklund   
    Pascal Merz     Pieter Meulenhoff    Teemu Murtola       Szilard Pall   
    Sander Pronk      Roland Schulz      Michael Shirts    Alexey Shvetsov  
   Alfons Sijbers     Peter Tieleman      Jon Vincent      Teemu Virolainen 
 Christian Wennberg    Maarten Wolf      Artem Zhmurov   
                           and the project leaders:
        Mark Abraham, Berk Hess, Erik Lindahl, and David van der Spoel

Copyright (c) 1991-2000, University of Groningen, The Netherlands.
Copyright (c) 2001-2019, The GROMACS development team at
Uppsala University, Stockholm University and
the Royal Institute of Technology, Sweden.
check out http://www.gromacs.org for more information.

GROMACS is free software; you can redistribute it and/or modify it
under the terms of the GNU Lesser General Public License
as published by the Free Software Foundation; either version 2.1
of the License, or (at your option) any later version.

GROMACS:      gmx mdrun, version 2020.6-PLUMED-spack
Executable:   /home/blueschmitz/spack/opt/spack/linux-rhel8-cascadelake/gcc-11.3.0/gromacs-2020.6-lp4hfown6wui4otvwejsbjlumqjnmgiq/bin/gmx_mpi
Data prefix:  /home/blueschmitz/spack/opt/spack/linux-rhel8-cascadelake/gcc-11.3.0/gromacs-2020.6-lp4hfown6wui4otvwejsbjlumqjnmgiq
Working dir:  /scratch/blueschmitz/Watching-enzymes-wiggle/MD_simulations/projects/5EKY_monomeric/outputs/5_sanity_checks
Command line:
  gmx_mpi mdrun -rerun traj.xtc -s topol_pro.tpr -e ener_pro.edr -g rerun_pro.log

Reading file topol_pro.tpr, VERSION 2020.6-PLUMED-spack (single precision)
Changing nstlist from 10 to 50, rlist from 1 to 1.107

Using 1 MPI process

Non-default thread affinity set, disabling internal thread affinity

Using 8 OpenMP threads 

starting md rerun 'Protein in water', reading coordinates from input trajectory 'traj.xtc'

Reading frame       0 time    0.000   Reading frame       1 time    0.002   Reading frame       2 time    0.004   Reading frame       3 time    0.006   Reading frame       4 time    0.008   Reading frame       5 time    0.010   Reading frame       6 time    0.012   Reading frame       7 time    0.014   Reading frame       8 time    0.016   Reading frame       9 time    0.018   Reading frame      10 time    0.020   Reading frame      11 time    0.022   Reading frame      12 time    0.024   Reading frame      13 time    0.026   Reading frame      14 time    0.028   Reading frame      15 time    0.030   Reading frame      16 time    0.032   Reading frame      17 time    0.034   Reading frame      18 time    0.036   Reading frame      19 time    0.038   Reading frame      20 time    0.040   Reading frame      30 time    0.060   Reading frame      40 time    0.080   Reading frame      50 time    0.100   Reading frame      60 time    0.120   Reading frame      70 time    0.140   Reading frame      80 time    0.160   Reading frame      90 time    0.180   Reading frame     100 time    0.200   Reading frame     110 time    0.220   Reading frame     120 time    0.240   Reading frame     130 time    0.260   Reading frame     140 time    0.280   Reading frame     150 time    0.300   Reading frame     160 time    0.320   Reading frame     170 time    0.340   Reading frame     180 time    0.360   Reading frame     190 time    0.380   Reading frame     200 time    0.400   Reading frame     300 time    0.600   Reading frame     400 time    0.800   Reading frame     500 time    1.000   Reading frame     600 time    1.200   Reading frame     700 time    1.400   Reading frame     800 time    1.600   Reading frame     900 time    1.800   Reading frame    1000 time    2.000   Last frame       1000 time    2.000   

NOTE: 55 % of the run time was spent in pair search,
      you might want to increase nstlist (this has no effect on accuracy)

               Core t (s)   Wall t (s)        (%)
       Time:      120.355       15.045      800.0
                 (ns/day)    (hour/ns)
Performance:       11.497        2.087

GROMACS reminds you: "Rockets are cool. There's no getting around that." (Elon Musk)

               :-) GROMACS - gmx grompp, 2020.6-PLUMED-spack (-:

                            GROMACS is written by:
     Emile Apol      Rossen Apostolov      Paul Bauer     Herman J.C. Berendsen
    Par Bjelkmar      Christian Blau   Viacheslav Bolnykh     Kevin Boyd    
 Aldert van Buuren   Rudi van Drunen     Anton Feenstra       Alan Gray     
  Gerrit Groenhof     Anca Hamuraru    Vincent Hindriksen  M. Eric Irrgang  
  Aleksei Iupinov   Christoph Junghans     Joe Jordan     Dimitrios Karkoulis
    Peter Kasson        Jiri Kraus      Carsten Kutzner      Per Larsson    
  Justin A. Lemkul    Viveca Lindahl    Magnus Lundborg     Erik Marklund   
    Pascal Merz     Pieter Meulenhoff    Teemu Murtola       Szilard Pall   
    Sander Pronk      Roland Schulz      Michael Shirts    Alexey Shvetsov  
   Alfons Sijbers     Peter Tieleman      Jon Vincent      Teemu Virolainen 
 Christian Wennberg    Maarten Wolf      Artem Zhmurov   
                           and the project leaders:
        Mark Abraham, Berk Hess, Erik Lindahl, and David van der Spoel

Copyright (c) 1991-2000, University of Groningen, The Netherlands.
Copyright (c) 2001-2019, The GROMACS development team at
Uppsala University, Stockholm University and
the Royal Institute of Technology, Sweden.
check out http://www.gromacs.org for more information.

GROMACS is free software; you can redistribute it and/or modify it
under the terms of the GNU Lesser General Public License
as published by the Free Software Foundation; either version 2.1
of the License, or (at your option) any later version.

GROMACS:      gmx grompp, version 2020.6-PLUMED-spack
Executable:   /home/blueschmitz/spack/opt/spack/linux-rhel8-cascadelake/gcc-11.3.0/gromacs-2020.6-lp4hfown6wui4otvwejsbjlumqjnmgiq/bin/gmx_mpi
Data prefix:  /home/blueschmitz/spack/opt/spack/linux-rhel8-cascadelake/gcc-11.3.0/gromacs-2020.6-lp4hfown6wui4otvwejsbjlumqjnmgiq
Working dir:  /scratch/blueschmitz/Watching-enzymes-wiggle/MD_simulations/projects/5EKY_monomeric/outputs/5_sanity_checks
Command line:
  gmx_mpi grompp -f ../../../../mdp_templates/sanity_check.mdp -c npt_5.gro -p scaled_1.00.top -o scaled_1.00.tpr -maxwarn 1


NOTE 1 [file ../../../../mdp_templates/sanity_check.mdp]:
  Setting nstcalcenergy (100) equal to nstenergy (1)


WARNING 1 [file ../../../../mdp_templates/sanity_check.mdp]:
  You are generating velocities so I am assuming you are equilibrating a
  system. You are using Parrinello-Rahman pressure coupling, but this can
  be unstable for equilibration. If your system crashes, try equilibrating
  first with Berendsen pressure coupling. If you are not equilibrating the
  system, you can probably ignore this warning.

Setting the LD random seed to -67126314
Generated 8778 of the 8778 non-bonded parameter combinations
Generating 1-4 interactions: fudge = 0.5
Generated 8778 of the 8778 1-4 parameter combinations
Excluding 3 bonded neighbours molecule type 'Protein_chain_A'
Excluding 2 bonded neighbours molecule type 'SOL'
Excluding 1 bonded neighbours molecule type 'NA'
Velocities were taken from a Maxwell distribution at 298 K
Number of degrees of freedom in T-Coupling group System is 131823.00
Estimate for the relative computational load of the PME mesh part: 0.33

There was 1 note

There was 1 warning

GROMACS reminds you: "Before we work on artificial intelligence why don't we do something about natural stupidity?" (Steve Polyak)

turning H bonds into constraints...
turning H bonds into constraints...
turning H bonds into constraints...
Analysing residue names:
There are:   259    Protein residues
There are: 20337      Water residues
There are:     7        Ion residues
Analysing Protein...
Analysing residues not classified as Protein/DNA/RNA/Water and splitting into groups...
Determining Verlet buffer for a tolerance of 0.005 kJ/mol/ps at 298 K
Calculated rlist for 1x1 atom pair-list as 1.034 nm, buffer size 0.034 nm
Set rlist, assuming 4x4 atom pair-list, to 1.000 nm, buffer size 0.000 nm
Note that mdrun will redetermine rlist based on the actual pair-list setup
Calculating fourier grid dimensions for X Y Z
Using a fourier grid of 80x80x80, spacing 0.108 0.108 0.108
This run will generate roughly 316 Mb of data
                :-) GROMACS - gmx mdrun, 2020.6-PLUMED-spack (-:

                            GROMACS is written by:
     Emile Apol      Rossen Apostolov      Paul Bauer     Herman J.C. Berendsen
    Par Bjelkmar      Christian Blau   Viacheslav Bolnykh     Kevin Boyd    
 Aldert van Buuren   Rudi van Drunen     Anton Feenstra       Alan Gray     
  Gerrit Groenhof     Anca Hamuraru    Vincent Hindriksen  M. Eric Irrgang  
  Aleksei Iupinov   Christoph Junghans     Joe Jordan     Dimitrios Karkoulis
    Peter Kasson        Jiri Kraus      Carsten Kutzner      Per Larsson    
  Justin A. Lemkul    Viveca Lindahl    Magnus Lundborg     Erik Marklund   
    Pascal Merz     Pieter Meulenhoff    Teemu Murtola       Szilard Pall   
    Sander Pronk      Roland Schulz      Michael Shirts    Alexey Shvetsov  
   Alfons Sijbers     Peter Tieleman      Jon Vincent      Teemu Virolainen 
 Christian Wennberg    Maarten Wolf      Artem Zhmurov   
                           and the project leaders:
        Mark Abraham, Berk Hess, Erik Lindahl, and David van der Spoel

Copyright (c) 1991-2000, University of Groningen, The Netherlands.
Copyright (c) 2001-2019, The GROMACS development team at
Uppsala University, Stockholm University and
the Royal Institute of Technology, Sweden.
check out http://www.gromacs.org for more information.

GROMACS is free software; you can redistribute it and/or modify it
under the terms of the GNU Lesser General Public License
as published by the Free Software Foundation; either version 2.1
of the License, or (at your option) any later version.

GROMACS:      gmx mdrun, version 2020.6-PLUMED-spack
Executable:   /home/blueschmitz/spack/opt/spack/linux-rhel8-cascadelake/gcc-11.3.0/gromacs-2020.6-lp4hfown6wui4otvwejsbjlumqjnmgiq/bin/gmx_mpi
Data prefix:  /home/blueschmitz/spack/opt/spack/linux-rhel8-cascadelake/gcc-11.3.0/gromacs-2020.6-lp4hfown6wui4otvwejsbjlumqjnmgiq
Working dir:  /scratch/blueschmitz/Watching-enzymes-wiggle/MD_simulations/projects/5EKY_monomeric/outputs/5_sanity_checks
Command line:
  gmx_mpi mdrun -rerun traj.xtc -s scaled_1.00.tpr -e ener_scaled_1.00.edr -g rerun_scaled_1.00.log

Reading file scaled_1.00.tpr, VERSION 2020.6-PLUMED-spack (single precision)
Changing nstlist from 10 to 50, rlist from 1 to 1.107

Using 1 MPI process

Non-default thread affinity set, disabling internal thread affinity

Using 8 OpenMP threads 

starting md rerun 'Protein  in  water', reading coordinates from input trajectory 'traj.xtc'

Reading frame       0 time    0.000   Reading frame       1 time    0.002   Reading frame       2 time    0.004   Reading frame       3 time    0.006   Reading frame       4 time    0.008   Reading frame       5 time    0.010   Reading frame       6 time    0.012   Reading frame       7 time    0.014   Reading frame       8 time    0.016   Reading frame       9 time    0.018   Reading frame      10 time    0.020   Reading frame      11 time    0.022   Reading frame      12 time    0.024   Reading frame      13 time    0.026   Reading frame      14 time    0.028   Reading frame      15 time    0.030   Reading frame      16 time    0.032   Reading frame      17 time    0.034   Reading frame      18 time    0.036   Reading frame      19 time    0.038   Reading frame      20 time    0.040   Reading frame      30 time    0.060   Reading frame      40 time    0.080   Reading frame      50 time    0.100   Reading frame      60 time    0.120   Reading frame      70 time    0.140   Reading frame      80 time    0.160   Reading frame      90 time    0.180   Reading frame     100 time    0.200   Reading frame     110 time    0.220   Reading frame     120 time    0.240   Reading frame     130 time    0.260   Reading frame     140 time    0.280   Reading frame     150 time    0.300   Reading frame     160 time    0.320   Reading frame     170 time    0.340   Reading frame     180 time    0.360   Reading frame     190 time    0.380   Reading frame     200 time    0.400   Reading frame     300 time    0.600   Reading frame     400 time    0.800   Reading frame     500 time    1.000   Reading frame     600 time    1.200   Reading frame     700 time    1.400   Reading frame     800 time    1.600   Reading frame     900 time    1.800   Reading frame    1000 time    2.000   Last frame       1000 time    2.000   

NOTE: 55 % of the run time was spent in pair search,
      you might want to increase nstlist (this has no effect on accuracy)

               Core t (s)   Wall t (s)        (%)
       Time:      120.553       15.070      800.0
                 (ns/day)    (hour/ns)
Performance:       11.478        2.091

GROMACS reminds you: "If I Were You I Would Give Me a Break" (F. Black)

               :-) GROMACS - gmx energy, 2020.6-PLUMED-spack (-:

                            GROMACS is written by:
     Emile Apol      Rossen Apostolov      Paul Bauer     Herman J.C. Berendsen
    Par Bjelkmar      Christian Blau   Viacheslav Bolnykh     Kevin Boyd    
 Aldert van Buuren   Rudi van Drunen     Anton Feenstra       Alan Gray     
  Gerrit Groenhof     Anca Hamuraru    Vincent Hindriksen  M. Eric Irrgang  
  Aleksei Iupinov   Christoph Junghans     Joe Jordan     Dimitrios Karkoulis
    Peter Kasson        Jiri Kraus      Carsten Kutzner      Per Larsson    
  Justin A. Lemkul    Viveca Lindahl    Magnus Lundborg     Erik Marklund   
    Pascal Merz     Pieter Meulenhoff    Teemu Murtola       Szilard Pall   
    Sander Pronk      Roland Schulz      Michael Shirts    Alexey Shvetsov  
   Alfons Sijbers     Peter Tieleman      Jon Vincent      Teemu Virolainen 
 Christian Wennberg    Maarten Wolf      Artem Zhmurov   
                           and the project leaders:
        Mark Abraham, Berk Hess, Erik Lindahl, and David van der Spoel

Copyright (c) 1991-2000, University of Groningen, The Netherlands.
Copyright (c) 2001-2019, The GROMACS development team at
Uppsala University, Stockholm University and
the Royal Institute of Technology, Sweden.
check out http://www.gromacs.org for more information.

GROMACS is free software; you can redistribute it and/or modify it
under the terms of the GNU Lesser General Public License
as published by the Free Software Foundation; either version 2.1
of the License, or (at your option) any later version.

GROMACS:      gmx energy, version 2020.6-PLUMED-spack
Executable:   /home/blueschmitz/spack/opt/spack/linux-rhel8-cascadelake/gcc-11.3.0/gromacs-2020.6-lp4hfown6wui4otvwejsbjlumqjnmgiq/bin/gmx_mpi
Data prefix:  /home/blueschmitz/spack/opt/spack/linux-rhel8-cascadelake/gcc-11.3.0/gromacs-2020.6-lp4hfown6wui4otvwejsbjlumqjnmgiq
Working dir:  /scratch/blueschmitz/Watching-enzymes-wiggle/MD_simulations/projects/5EKY_monomeric/outputs/5_sanity_checks
Command line:
  gmx_mpi energy -f ener_pro.edr -o energies_pro.xvg -xvg none

Opened ener_pro.edr as single precision energy file

Select the terms you want from the following list by
selecting either (part of) the name or the number or a combination.
End your selection with an empty line or a zero.
-------------------------------------------------------------------
  1  Bond             2  Angle            3  Proper-Dih.      4  Improper-Dih. 
  5  LJ-14            6  Coulomb-14       7  LJ-(SR)          8  Coulomb-(SR)  
  9  Coul.-recip.    10  Potential       11  Box-X           12  Box-Y         
 13  Box-Z           14  Volume          15  Density       

Reading energy frame      0 time    0.000         Reading energy frame      1 time    0.002         Reading energy frame      2 time    0.004         Reading energy frame      3 time    0.006         Reading energy frame      4 time    0.008         Reading energy frame      5 time    0.010         Reading energy frame      6 time    0.012         Reading energy frame      7 time    0.014         Reading energy frame      8 time    0.016         Reading energy frame      9 time    0.018         Reading energy frame     10 time    0.020         Reading energy frame     11 time    0.022         Reading energy frame     12 time    0.024         Reading energy frame     13 time    0.026         Reading energy frame     14 time    0.028         Reading energy frame     15 time    0.030         Reading energy frame     16 time    0.032         Reading energy frame     17 time    0.034         Reading energy frame     18 time    0.036         Reading energy frame     19 time    0.038         Reading energy frame     20 time    0.040         Reading energy frame     30 time    0.060         Reading energy frame     40 time    0.080         Reading energy frame     50 time    0.100         Reading energy frame     60 time    0.120         Reading energy frame     70 time    0.140         Reading energy frame     80 time    0.160         Reading energy frame     90 time    0.180         Reading energy frame    100 time    0.200         Reading energy frame    110 time    0.220         Reading energy frame    120 time    0.240         Reading energy frame    130 time    0.260         Reading energy frame    140 time    0.280         Reading energy frame    150 time    0.300         Reading energy frame    160 time    0.320         Reading energy frame    170 time    0.340         Reading energy frame    180 time    0.360         Reading energy frame    190 time    0.380         Reading energy frame    200 time    0.400         Reading energy frame    300 time    0.600         Reading energy frame    400 time    0.800         Reading energy frame    500 time    1.000         Reading energy frame    600 time    1.200         Reading energy frame    700 time    1.400         Reading energy frame    800 time    1.600         Reading energy frame    900 time    1.800         Reading energy frame   1000 time    2.000         Last energy frame read 1000 time    2.000         

GROMACS reminds you: "I used to be blond and stupid, but now I dyed it black" (Miss Li)


Statistics over 1001 steps [ 0.0000 through 2.0000 ps ], 10 data sets
All statistics are over 1001 points (frames)

Energy                      Average   Err.Est.       RMSD  Tot-Drift
-------------------------------------------------------------------------------
Bond                        3127.14         18    101.622   -120.072  (kJ/mol)
Angle                        8381.3         31    156.882    -187.87  (kJ/mol)
Proper Dih.                 10023.2         12    60.7926    33.1285  (kJ/mol)
Improper Dih.               641.349        7.8    34.0413    50.6383  (kJ/mol)
LJ-14                       3799.32         10    57.5665    57.1365  (kJ/mol)
Coulomb-14                  49524.6         14    151.015    45.9683  (kJ/mol)
LJ (SR)                      120011        490    1283.45    1984.67  (kJ/mol)
Coulomb (SR)             -1.04074e+06       1000     2460.8   -4001.13  (kJ/mol)
Coul. recip.                5836.72        5.7    71.6428    21.8692  (kJ/mol)
Potential                   -839395        580    1436.12   -2115.67  (kJ/mol)
               :-) GROMACS - gmx energy, 2020.6-PLUMED-spack (-:

                            GROMACS is written by:
     Emile Apol      Rossen Apostolov      Paul Bauer     Herman J.C. Berendsen
    Par Bjelkmar      Christian Blau   Viacheslav Bolnykh     Kevin Boyd    
 Aldert van Buuren   Rudi van Drunen     Anton Feenstra       Alan Gray     
  Gerrit Groenhof     Anca Hamuraru    Vincent Hindriksen  M. Eric Irrgang  
  Aleksei Iupinov   Christoph Junghans     Joe Jordan     Dimitrios Karkoulis
    Peter Kasson        Jiri Kraus      Carsten Kutzner      Per Larsson    
  Justin A. Lemkul    Viveca Lindahl    Magnus Lundborg     Erik Marklund   
    Pascal Merz     Pieter Meulenhoff    Teemu Murtola       Szilard Pall   
    Sander Pronk      Roland Schulz      Michael Shirts    Alexey Shvetsov  
   Alfons Sijbers     Peter Tieleman      Jon Vincent      Teemu Virolainen 
 Christian Wennberg    Maarten Wolf      Artem Zhmurov   
                           and the project leaders:
        Mark Abraham, Berk Hess, Erik Lindahl, and David van der Spoel

Copyright (c) 1991-2000, University of Groningen, The Netherlands.
Copyright (c) 2001-2019, The GROMACS development team at
Uppsala University, Stockholm University and
the Royal Institute of Technology, Sweden.
check out http://www.gromacs.org for more information.

GROMACS is free software; you can redistribute it and/or modify it
under the terms of the GNU Lesser General Public License
as published by the Free Software Foundation; either version 2.1
of the License, or (at your option) any later version.

GROMACS:      gmx energy, version 2020.6-PLUMED-spack
Executable:   /home/blueschmitz/spack/opt/spack/linux-rhel8-cascadelake/gcc-11.3.0/gromacs-2020.6-lp4hfown6wui4otvwejsbjlumqjnmgiq/bin/gmx_mpi
Data prefix:  /home/blueschmitz/spack/opt/spack/linux-rhel8-cascadelake/gcc-11.3.0/gromacs-2020.6-lp4hfown6wui4otvwejsbjlumqjnmgiq
Working dir:  /scratch/blueschmitz/Watching-enzymes-wiggle/MD_simulations/projects/5EKY_monomeric/outputs/5_sanity_checks
Command line:
  gmx_mpi energy -f ener_scaled_1.00.edr -o energies_scaled_1.00.xvg -xvg none

Opened ener_scaled_1.00.edr as single precision energy file

Select the terms you want from the following list by
selecting either (part of) the name or the number or a combination.
End your selection with an empty line or a zero.
-------------------------------------------------------------------
  1  Bond             2  Angle            3  Proper-Dih.      4  Improper-Dih. 
  5  LJ-14            6  Coulomb-14       7  LJ-(SR)          8  Coulomb-(SR)  
  9  Coul.-recip.    10  Potential       11  Box-X           12  Box-Y         
 13  Box-Z           14  Volume          15  Density       

Reading energy frame      0 time    0.000         Reading energy frame      1 time    0.002         Reading energy frame      2 time    0.004         Reading energy frame      3 time    0.006         Reading energy frame      4 time    0.008         Reading energy frame      5 time    0.010         Reading energy frame      6 time    0.012         Reading energy frame      7 time    0.014         Reading energy frame      8 time    0.016         Reading energy frame      9 time    0.018         Reading energy frame     10 time    0.020         Reading energy frame     11 time    0.022         Reading energy frame     12 time    0.024         Reading energy frame     13 time    0.026         Reading energy frame     14 time    0.028         Reading energy frame     15 time    0.030         Reading energy frame     16 time    0.032         Reading energy frame     17 time    0.034         Reading energy frame     18 time    0.036         Reading energy frame     19 time    0.038         Reading energy frame     20 time    0.040         Reading energy frame     30 time    0.060         Reading energy frame     40 time    0.080         Reading energy frame     50 time    0.100         Reading energy frame     60 time    0.120         Reading energy frame     70 time    0.140         Reading energy frame     80 time    0.160         Reading energy frame     90 time    0.180         Reading energy frame    100 time    0.200         Reading energy frame    110 time    0.220         Reading energy frame    120 time    0.240         Reading energy frame    130 time    0.260         Reading energy frame    140 time    0.280         Reading energy frame    150 time    0.300         Reading energy frame    160 time    0.320         Reading energy frame    170 time    0.340         Reading energy frame    180 time    0.360         Reading energy frame    190 time    0.380         Reading energy frame    200 time    0.400         Reading energy frame    300 time    0.600         Reading energy frame    400 time    0.800         Reading energy frame    500 time    1.000         Reading energy frame    600 time    1.200         Reading energy frame    700 time    1.400         Reading energy frame    800 time    1.600         Reading energy frame    900 time    1.800         Reading energy frame   1000 time    2.000         Last energy frame read 1000 time    2.000         

GROMACS reminds you: "I used to be blond and stupid, but now I dyed it black" (Miss Li)


Statistics over 1001 steps [ 0.0000 through 2.0000 ps ], 10 data sets
All statistics are over 1001 points (frames)

Energy                      Average   Err.Est.       RMSD  Tot-Drift
-------------------------------------------------------------------------------
Bond                        3127.14         18    101.622   -120.072  (kJ/mol)
Angle                        8381.3         31    156.882    -187.87  (kJ/mol)
Proper Dih.                 10023.2         12    60.7926    33.1285  (kJ/mol)
Improper Dih.               641.349        7.8    34.0413    50.6383  (kJ/mol)
LJ-14                       3799.32         10    57.5665    57.1365  (kJ/mol)
Coulomb-14                  49524.6         14    151.015    45.9683  (kJ/mol)
LJ (SR)                      120011        490    1283.45    1984.67  (kJ/mol)
Coulomb (SR)             -1.04074e+06       1000     2460.8   -4001.13  (kJ/mol)
Coul. recip.                5836.72        5.7    71.6428    21.8692  (kJ/mol)
Potential                   -839395        580    1436.12   -2115.67  (kJ/mol)
Traceback (most recent call last):
  File "/scratch/blueschmitz/Watching-enzymes-wiggle/MD_simulations/projects/5EKY_monomeric/outputs/5_sanity_checks/../../../../scripts/energy_comparison.py", line 6, in <module>
    import numpy as np
ModuleNotFoundError: No module named 'numpy'
