
Due to MODULEPATH changes, the following have been reloaded:
  1) fftw/3.3.10_openmp_False


Currently Loaded Modules:
  1) slurm/current                    8) zlib/1.2.13
  2) DefaultModules                   9) hwloc/2.9.1
  3) gcc/11.3.0                      10) openmpi/4.1.6
  4) 2024r1                          11) fftw/3.3.10_openmp_False
  5) python/3.10.12                  12) plumed/2.8.0
  6) openblas/0.3.24_threads_openmp  13) gromacs/2020.6
  7) gsl/2.7.1

 

Setting up HREX-MD with GROMACS and PLUMED
Removed position restraints from topol_prod.top.
               :-) GROMACS - gmx grompp, 2020.6-PLUMED-spack (-:

                            GROMACS is written by:
     Emile Apol      Rossen Apostolov      Paul Bauer     Herman J.C. Berendsen
    Par Bjelkmar      Christian Blau   Viacheslav Bolnykh     Kevin Boyd    
 Aldert van Buuren   Rudi van Drunen     Anton Feenstra       Alan Gray     
  Gerrit Groenhof     Anca Hamuraru    Vincent Hindriksen  M. Eric Irrgang  
  Aleksei Iupinov   Christoph Junghans     Joe Jordan     Dimitrios Karkoulis
    Peter Kasson        Jiri Kraus      Carsten Kutzner      Per Larsson    
  Justin A. Lemkul    Viveca Lindahl    Magnus Lundborg     Erik Marklund   
    Pascal Merz     Pieter Meulenhoff    Teemu Murtola       Szilard Pall   
    Sander Pronk      Roland Schulz      Michael Shirts    Alexey Shvetsov  
   Alfons Sijbers     Peter Tieleman      Jon Vincent      Teemu Virolainen 
 Christian Wennberg    Maarten Wolf      Artem Zhmurov   
                           and the project leaders:
        Mark Abraham, Berk Hess, Erik Lindahl, and David van der Spoel

Copyright (c) 1991-2000, University of Groningen, The Netherlands.
Copyright (c) 2001-2019, The GROMACS development team at
Uppsala University, Stockholm University and
the Royal Institute of Technology, Sweden.
check out http://www.gromacs.org for more information.

GROMACS is free software; you can redistribute it and/or modify it
under the terms of the GNU Lesser General Public License
as published by the Free Software Foundation; either version 2.1
of the License, or (at your option) any later version.

GROMACS:      gmx grompp, version 2020.6-PLUMED-spack
Executable:   /home/blueschmitz/spack/opt/spack/linux-rhel8-cascadelake/gcc-11.3.0/gromacs-2020.6-lp4hfown6wui4otvwejsbjlumqjnmgiq/bin/gmx_mpi
Data prefix:  /home/blueschmitz/spack/opt/spack/linux-rhel8-cascadelake/gcc-11.3.0/gromacs-2020.6-lp4hfown6wui4otvwejsbjlumqjnmgiq
Working dir:  /scratch/blueschmitz/Watching-enzymes-wiggle/MD_simulations/projects/5EKY_monomeric/outputs/6_HREX
Command line:
  gmx_mpi grompp -f ../../../../mdp_templates/tempering.mdp -c npt_5.gro -p topol_prod.top -pp processed.top -o dummy.tpr -r npt_5.gro -maxwarn 2

Setting the LD random seed to -1363280325

Back Off! I just backed up processed.top to ./#processed.top.5#
Generated 2211 of the 2211 non-bonded parameter combinations
Generating 1-4 interactions: fudge = 0.5
Generated 2211 of the 2211 1-4 parameter combinations
Excluding 3 bonded neighbours molecule type 'Protein_chain_A'
Excluding 2 bonded neighbours molecule type 'SOL'
Excluding 1 bonded neighbours molecule type 'NA'

NOTE 1 [file topol_prod.top, line 37475]:
  For energy conservation with LINCS, lincs_iter should be 2 or larger.


Number of degrees of freedom in T-Coupling group rest is 131823.00

NOTE 2 [file ../../../../mdp_templates/tempering.mdp]:
  NVE simulation: will use the initial temperature of 297.551 K for
  determining the Verlet buffer size

Estimate for the relative computational load of the PME mesh part: 0.35

There were 2 notes

Back Off! I just backed up dummy.tpr to ./#dummy.tpr.5#

GROMACS reminds you: "There's an old saying among scientific guys: “You can't make an omelet without breaking eggs, ideally by dropping a cement truck on them from a crane." (Dave Barry)

turning H bonds into constraints...
turning H bonds into constraints...
turning H bonds into constraints...
Analysing residue names:
There are:   259    Protein residues
There are: 20337      Water residues
There are:     7        Ion residues
Analysing Protein...
Analysing residues not classified as Protein/DNA/RNA/Water and splitting into groups...
Determining Verlet buffer for a tolerance of 0.005 kJ/mol/ps at 297.551 K
Calculated rlist for 1x1 atom pair-list as 1.034 nm, buffer size 0.034 nm
Set rlist, assuming 4x4 atom pair-list, to 1.000 nm, buffer size 0.000 nm
Note that mdrun will redetermine rlist based on the actual pair-list setup
Calculating fourier grid dimensions for X Y Z
Using a fourier grid of 80x80x80, spacing 0.108 0.108 0.108
This run will generate roughly 5 Mb of data
Generated self-contained processed.top without position restraints.
Generated processed_scaled.top with selected residues for scaling.
Generated scaled_1.00.top in ./rep1.00 with scaling factor 1.00.
               :-) GROMACS - gmx grompp, 2020.6-PLUMED-spack (-:

                            GROMACS is written by:
     Emile Apol      Rossen Apostolov      Paul Bauer     Herman J.C. Berendsen
    Par Bjelkmar      Christian Blau   Viacheslav Bolnykh     Kevin Boyd    
 Aldert van Buuren   Rudi van Drunen     Anton Feenstra       Alan Gray     
  Gerrit Groenhof     Anca Hamuraru    Vincent Hindriksen  M. Eric Irrgang  
  Aleksei Iupinov   Christoph Junghans     Joe Jordan     Dimitrios Karkoulis
    Peter Kasson        Jiri Kraus      Carsten Kutzner      Per Larsson    
  Justin A. Lemkul    Viveca Lindahl    Magnus Lundborg     Erik Marklund   
    Pascal Merz     Pieter Meulenhoff    Teemu Murtola       Szilard Pall   
    Sander Pronk      Roland Schulz      Michael Shirts    Alexey Shvetsov  
   Alfons Sijbers     Peter Tieleman      Jon Vincent      Teemu Virolainen 
 Christian Wennberg    Maarten Wolf      Artem Zhmurov   
                           and the project leaders:
        Mark Abraham, Berk Hess, Erik Lindahl, and David van der Spoel

Copyright (c) 1991-2000, University of Groningen, The Netherlands.
Copyright (c) 2001-2019, The GROMACS development team at
Uppsala University, Stockholm University and
the Royal Institute of Technology, Sweden.
check out http://www.gromacs.org for more information.

GROMACS is free software; you can redistribute it and/or modify it
under the terms of the GNU Lesser General Public License
as published by the Free Software Foundation; either version 2.1
of the License, or (at your option) any later version.

GROMACS:      gmx grompp, version 2020.6-PLUMED-spack
Executable:   /home/blueschmitz/spack/opt/spack/linux-rhel8-cascadelake/gcc-11.3.0/gromacs-2020.6-lp4hfown6wui4otvwejsbjlumqjnmgiq/bin/gmx_mpi
Data prefix:  /home/blueschmitz/spack/opt/spack/linux-rhel8-cascadelake/gcc-11.3.0/gromacs-2020.6-lp4hfown6wui4otvwejsbjlumqjnmgiq
Working dir:  /scratch/blueschmitz/Watching-enzymes-wiggle/MD_simulations/projects/5EKY_monomeric/outputs/6_HREX/rep1.00
Command line:
  gmx_mpi grompp -f ../../../../../mdp_templates/hrex.mdp -c ../npt_5.gro -p scaled_1.00.top -o topol.tpr

Ignoring obsolete mdp entry 'ns_type'
Setting the LD random seed to -69630338
Generated 8778 of the 8778 non-bonded parameter combinations
Generating 1-4 interactions: fudge = 0.5
Generated 8778 of the 8778 1-4 parameter combinations
Excluding 3 bonded neighbours molecule type 'Protein_chain_A'
Excluding 2 bonded neighbours molecule type 'SOL'
Excluding 1 bonded neighbours molecule type 'NA'
Number of degrees of freedom in T-Coupling group Protein is 9782.78
Number of degrees of freedom in T-Coupling group non-Protein is 122040.22
Estimate for the relative computational load of the PME mesh part: 0.28

NOTE 1 [file ../../../../../mdp_templates/hrex.mdp]:
  This run will generate roughly 14490 Mb of data


There was 1 note

GROMACS reminds you: "I always think there is something foreign about jolly phrases at breakfast." (Mr. Carson in Downtown Abbey)

turning H bonds into constraints...
turning H bonds into constraints...
turning H bonds into constraints...
Analysing residue names:
There are:   259    Protein residues
There are: 20337      Water residues
There are:     7        Ion residues
Analysing Protein...
Analysing residues not classified as Protein/DNA/RNA/Water and splitting into groups...
Determining Verlet buffer for a tolerance of 0.005 kJ/mol/ps at 298 K
Calculated rlist for 1x1 atom pair-list as 1.034 nm, buffer size 0.034 nm
Set rlist, assuming 4x4 atom pair-list, to 1.000 nm, buffer size 0.000 nm
Note that mdrun will redetermine rlist based on the actual pair-list setup
Calculating fourier grid dimensions for X Y Z
Using a fourier grid of 56x56x56, spacing 0.155 0.155 0.155
Generated topol.tpr from scaled_1.00.top in ./rep1.00.
Generated scaled_0.95.top in ./rep0.95 with scaling factor 0.95.
               :-) GROMACS - gmx grompp, 2020.6-PLUMED-spack (-:

                            GROMACS is written by:
     Emile Apol      Rossen Apostolov      Paul Bauer     Herman J.C. Berendsen
    Par Bjelkmar      Christian Blau   Viacheslav Bolnykh     Kevin Boyd    
 Aldert van Buuren   Rudi van Drunen     Anton Feenstra       Alan Gray     
  Gerrit Groenhof     Anca Hamuraru    Vincent Hindriksen  M. Eric Irrgang  
  Aleksei Iupinov   Christoph Junghans     Joe Jordan     Dimitrios Karkoulis
    Peter Kasson        Jiri Kraus      Carsten Kutzner      Per Larsson    
  Justin A. Lemkul    Viveca Lindahl    Magnus Lundborg     Erik Marklund   
    Pascal Merz     Pieter Meulenhoff    Teemu Murtola       Szilard Pall   
    Sander Pronk      Roland Schulz      Michael Shirts    Alexey Shvetsov  
   Alfons Sijbers     Peter Tieleman      Jon Vincent      Teemu Virolainen 
 Christian Wennberg    Maarten Wolf      Artem Zhmurov   
                           and the project leaders:
        Mark Abraham, Berk Hess, Erik Lindahl, and David van der Spoel

Copyright (c) 1991-2000, University of Groningen, The Netherlands.
Copyright (c) 2001-2019, The GROMACS development team at
Uppsala University, Stockholm University and
the Royal Institute of Technology, Sweden.
check out http://www.gromacs.org for more information.

GROMACS is free software; you can redistribute it and/or modify it
under the terms of the GNU Lesser General Public License
as published by the Free Software Foundation; either version 2.1
of the License, or (at your option) any later version.

GROMACS:      gmx grompp, version 2020.6-PLUMED-spack
Executable:   /home/blueschmitz/spack/opt/spack/linux-rhel8-cascadelake/gcc-11.3.0/gromacs-2020.6-lp4hfown6wui4otvwejsbjlumqjnmgiq/bin/gmx_mpi
Data prefix:  /home/blueschmitz/spack/opt/spack/linux-rhel8-cascadelake/gcc-11.3.0/gromacs-2020.6-lp4hfown6wui4otvwejsbjlumqjnmgiq
Working dir:  /scratch/blueschmitz/Watching-enzymes-wiggle/MD_simulations/projects/5EKY_monomeric/outputs/6_HREX/rep0.95
Command line:
  gmx_mpi grompp -f ../../../../../mdp_templates/hrex.mdp -c ../npt_5.gro -p scaled_0.95.top -o topol.tpr

Ignoring obsolete mdp entry 'ns_type'
Setting the LD random seed to -1082297745
Generated 8778 of the 8778 non-bonded parameter combinations
Generating 1-4 interactions: fudge = 0.5
Generated 8778 of the 8778 1-4 parameter combinations
Excluding 3 bonded neighbours molecule type 'Protein_chain_A'
Excluding 2 bonded neighbours molecule type 'SOL'
Excluding 1 bonded neighbours molecule type 'NA'

NOTE 1 [file scaled_0.95.top, line 51995]:
  System has non-zero total charge: 0.101283
  Total charge should normally be an integer. See
  http://www.gromacs.org/Documentation/Floating_Point_Arithmetic
  for discussion on how close it should be to an integer.
  



WARNING 1 [file scaled_0.95.top, line 51995]:
  You are using Ewald electrostatics in a system with net charge. This can
  lead to severe artifacts, such as ions moving into regions with low
  dielectric, due to the uniform background charge. We suggest to
  neutralize your system with counter ions, possibly in combination with a
  physiological salt concentration.

turning H bonds into constraints...
turning H bonds into constraints...
turning H bonds into constraints...

++++ PLEASE READ AND CITE THE FOLLOWING REFERENCE ++++
J. S. Hub, B. L. de Groot, H. Grubmueller, G. Groenhof
Quantifying Artifacts in Ewald Simulations of Inhomogeneous Systems with a Net
Charge
J. Chem. Theory Comput. 10 (2014) pp. 381-393
-------- -------- --- Thank You --- -------- --------

Number of degrees of freedom in T-Coupling group Protein is 9782.78
Number of degrees of freedom in T-Coupling group non-Protein is 122040.22
Estimate for the relative computational load of the PME mesh part: 0.28

NOTE 2 [file ../../../../../mdp_templates/hrex.mdp]:
  This run will generate roughly 14490 Mb of data


There were 2 notes

There was 1 warning

-------------------------------------------------------
Program:     gmx grompp, version 2020.6-PLUMED-spack
Source file: src/gromacs/gmxpreprocess/grompp.cpp (line 2353)

Fatal error:
Too many warnings (1).
If you are sure all warnings are harmless, use the -maxwarn option.

For more information and tips for troubleshooting, please check the GROMACS
website at http://www.gromacs.org/Documentation/Errors
-------------------------------------------------------
Analysing residue names:
There are:   259    Protein residues
There are: 20337      Water residues
There are:     7        Ion residues
Analysing Protein...
Analysing residues not classified as Protein/DNA/RNA/Water and splitting into groups...
Determining Verlet buffer for a tolerance of 0.005 kJ/mol/ps at 298 K
Calculated rlist for 1x1 atom pair-list as 1.034 nm, buffer size 0.034 nm
Set rlist, assuming 4x4 atom pair-list, to 1.000 nm, buffer size 0.000 nm
Note that mdrun will redetermine rlist based on the actual pair-list setup
Calculating fourier grid dimensions for X Y Z
Using a fourier grid of 56x56x56, spacing 0.155 0.155 0.155
--------------------------------------------------------------------------
MPI_ABORT was invoked on rank 0 in communicator MPI_COMM_WORLD
with errorcode 1.

NOTE: invoking MPI_ABORT causes Open MPI to kill all MPI processes.
You may or may not see output from other processes, depending on
exactly when Open MPI kills them.
--------------------------------------------------------------------------
