
Currently Loaded Modules:
  1) slurm/current                   17) libpng/1.6.39
  2) DefaultModules                  18) python-venv/1.0
  3) 2025                            19) py-pybind11/2.13.5
  4) openmpi/4.1.7                   20) py-contourpy/1.3.0
  5) cuda/11.6                       21) py-cycler/0.11.0
  6) fftw/3.3.10_openmp_True         22) py-fonttools/4.39.4
  7) gcc-runtime/13.3.0              23) py-kiwisolver/1.4.5
  8) glibc/2.28                      24) py-packaging/24.1
  9) hwloc/2.11.1                    25) libjpeg-turbo/3.0.3
 10) openblas/0.3.28_threads_openmp  26) py-pillow/11.0.0
 11) gsl/2.8                         27) py-pyparsing/3.1.2
 12) zlib/1.2.13                     28) py-six/1.16.0
 13) plumed/2.9.3                    29) py-python-dateutil/2.8.2
 14) gromacs/2024.3                  30) qhull/2020.2
 15) python/3.11.9                   31) py-matplotlib/3.9.2
 16) freetype/2.13.2                 32) py-numpy/1.26.4

 

                :-) GROMACS - gmx mdrun, 2024.3-plumed_2.9.3 (-:

Executable:   /apps/arch/2025/software/linux-rhel8-x86_64_v3/gcc-13.3.0/gromacs-2024.3-sgakfwa3ekjtpvew4ilhqrftyg7q2ydr/bin/gmx_mpi
Data prefix:  /apps/arch/2025/software/linux-rhel8-x86_64_v3/gcc-13.3.0/gromacs-2024.3-sgakfwa3ekjtpvew4ilhqrftyg7q2ydr
Working dir:  /scratch/blueschmitz/Watching-enzymes-wiggle/MD_simulations/projects/5EKY_monomeric/outputs/7_simple_MD
Command line:
  gmx_mpi mdrun -deffnm md -cpi md.cpt -append

Compiled SIMD is AVX2_256, but CPU also supports AVX_512 (see log).
Reading file md.tpr, VERSION 2024.3-plumed_2.9.3 (single precision)
GPU-aware MPI detected, but by default GROMACS will not make use the direct GPU communication capabilities of MPI. For improved performance try enabling the feature by setting the GMX_ENABLE_DIRECT_GPU_COMM environment variable.
Changing nstlist from 10 to 100, rlist from 1 to 1.168

1 GPU selected for this run.
Mapping of GPU IDs to the 2 GPU tasks in the 1 rank on this node:
  PP:0,PME:0
PP tasks will do (non-perturbed) short-ranged interactions on the GPU
PP task will update and constrain coordinates on the GPU
PME tasks will do all aspects on the GPU
Using 1 MPI process

Non-default thread affinity set, disabling internal thread affinity

Using 8 OpenMP threads 


WARNING: This run will generate roughly 96542 Mb of data

starting mdrun 'Protein in water'
2500000000 steps, 5000000.0 ps (continuing from step 952102800, 1904205.6 ps).
slurmstepd: error: *** JOB 8664432 ON gpu018 CANCELLED AT 2025-12-02T09:40:15 DUE TO TIME LIMIT ***
srun: Job step aborted: Waiting up to 122 seconds for job step to finish.
slurmstepd: error: *** STEP 8664432.0 ON gpu018 CANCELLED AT 2025-12-02T09:40:15 DUE TO TIME LIMIT ***


Received the TERM signal, stopping within 100 steps

